Archive member included to satisfy reference by file (symbol)

/home/mertoshi/MaximSDK/Tools/GNUTools/10.3/bin/../lib/gcc/arm-none-eabi/10.3.1/thumb/v7e-m+dp/hard/libgcc.a(_aeabi_uldivmod.o)
                              obj/stm32h7rsxx_hal_uart.o (__aeabi_uldivmod)
/home/mertoshi/MaximSDK/Tools/GNUTools/10.3/bin/../lib/gcc/arm-none-eabi/10.3.1/thumb/v7e-m+dp/hard/libgcc.a(_udivmoddi4.o)
                              /home/mertoshi/MaximSDK/Tools/GNUTools/10.3/bin/../lib/gcc/arm-none-eabi/10.3.1/thumb/v7e-m+dp/hard/libgcc.a(_aeabi_uldivmod.o) (__udivmoddi4)
/home/mertoshi/MaximSDK/Tools/GNUTools/10.3/bin/../lib/gcc/arm-none-eabi/10.3.1/thumb/v7e-m+dp/hard/libgcc.a(_dvmd_tls.o)
                              /home/mertoshi/MaximSDK/Tools/GNUTools/10.3/bin/../lib/gcc/arm-none-eabi/10.3.1/thumb/v7e-m+dp/hard/libgcc.a(_aeabi_uldivmod.o) (__aeabi_ldiv0)
/home/mertoshi/MaximSDK/Tools/GNUTools/10.3/bin/../lib/gcc/arm-none-eabi/10.3.1/../../../../arm-none-eabi/lib/thumb/v7e-m+dp/hard/libg.a(lib_a-exit.o)
                              /home/mertoshi/MaximSDK/Tools/GNUTools/10.3/bin/../lib/gcc/arm-none-eabi/10.3.1/../../../../arm-none-eabi/lib/thumb/v7e-m+dp/hard/crt0.o (exit)
/home/mertoshi/MaximSDK/Tools/GNUTools/10.3/bin/../lib/gcc/arm-none-eabi/10.3.1/../../../../arm-none-eabi/lib/thumb/v7e-m+dp/hard/libg.a(lib_a-impure.o)
                              /home/mertoshi/MaximSDK/Tools/GNUTools/10.3/bin/../lib/gcc/arm-none-eabi/10.3.1/../../../../arm-none-eabi/lib/thumb/v7e-m+dp/hard/libg.a(lib_a-exit.o) (_global_impure_ptr)
/home/mertoshi/MaximSDK/Tools/GNUTools/10.3/bin/../lib/gcc/arm-none-eabi/10.3.1/../../../../arm-none-eabi/lib/thumb/v7e-m+dp/hard/libg.a(lib_a-init.o)
                              /home/mertoshi/MaximSDK/Tools/GNUTools/10.3/bin/../lib/gcc/arm-none-eabi/10.3.1/../../../../arm-none-eabi/lib/thumb/v7e-m+dp/hard/crt0.o (__libc_init_array)
/home/mertoshi/MaximSDK/Tools/GNUTools/10.3/bin/../lib/gcc/arm-none-eabi/10.3.1/../../../../arm-none-eabi/lib/thumb/v7e-m+dp/hard/libg.a(lib_a-memset.o)
                              /home/mertoshi/MaximSDK/Tools/GNUTools/10.3/bin/../lib/gcc/arm-none-eabi/10.3.1/../../../../arm-none-eabi/lib/thumb/v7e-m+dp/hard/crt0.o (memset)
/home/mertoshi/MaximSDK/Tools/GNUTools/10.3/bin/../lib/gcc/arm-none-eabi/10.3.1/../../../../arm-none-eabi/lib/thumb/v7e-m+dp/hard/libg.a(lib_a-__call_atexit.o)
                              /home/mertoshi/MaximSDK/Tools/GNUTools/10.3/bin/../lib/gcc/arm-none-eabi/10.3.1/../../../../arm-none-eabi/lib/thumb/v7e-m+dp/hard/libg.a(lib_a-exit.o) (__call_exitprocs)
/home/mertoshi/MaximSDK/Tools/GNUTools/10.3/bin/../lib/gcc/arm-none-eabi/10.3.1/../../../../arm-none-eabi/lib/thumb/v7e-m+dp/hard/libg.a(lib_a-atexit.o)
                              /home/mertoshi/MaximSDK/Tools/GNUTools/10.3/bin/../lib/gcc/arm-none-eabi/10.3.1/../../../../arm-none-eabi/lib/thumb/v7e-m+dp/hard/libg.a(lib_a-__call_atexit.o) (atexit)
/home/mertoshi/MaximSDK/Tools/GNUTools/10.3/bin/../lib/gcc/arm-none-eabi/10.3.1/../../../../arm-none-eabi/lib/thumb/v7e-m+dp/hard/libg.a(lib_a-fini.o)
                              /home/mertoshi/MaximSDK/Tools/GNUTools/10.3/bin/../lib/gcc/arm-none-eabi/10.3.1/../../../../arm-none-eabi/lib/thumb/v7e-m+dp/hard/libg.a(lib_a-__call_atexit.o) (__libc_fini_array)
/home/mertoshi/MaximSDK/Tools/GNUTools/10.3/bin/../lib/gcc/arm-none-eabi/10.3.1/../../../../arm-none-eabi/lib/thumb/v7e-m+dp/hard/libg.a(lib_a-lock.o)
                              /home/mertoshi/MaximSDK/Tools/GNUTools/10.3/bin/../lib/gcc/arm-none-eabi/10.3.1/../../../../arm-none-eabi/lib/thumb/v7e-m+dp/hard/libg.a(lib_a-__call_atexit.o) (__retarget_lock_acquire_recursive)
/home/mertoshi/MaximSDK/Tools/GNUTools/10.3/bin/../lib/gcc/arm-none-eabi/10.3.1/../../../../arm-none-eabi/lib/thumb/v7e-m+dp/hard/libg.a(lib_a-__atexit.o)
                              /home/mertoshi/MaximSDK/Tools/GNUTools/10.3/bin/../lib/gcc/arm-none-eabi/10.3.1/../../../../arm-none-eabi/lib/thumb/v7e-m+dp/hard/libg.a(lib_a-atexit.o) (__register_exitproc)
/home/mertoshi/MaximSDK/Tools/GNUTools/10.3/bin/../lib/gcc/arm-none-eabi/10.3.1/../../../../arm-none-eabi/lib/thumb/v7e-m+dp/hard/libnosys.a(_exit.o)
                              /home/mertoshi/MaximSDK/Tools/GNUTools/10.3/bin/../lib/gcc/arm-none-eabi/10.3.1/../../../../arm-none-eabi/lib/thumb/v7e-m+dp/hard/libg.a(lib_a-exit.o) (_exit)
/home/mertoshi/MaximSDK/Tools/GNUTools/10.3/bin/../lib/gcc/arm-none-eabi/10.3.1/../../../../arm-none-eabi/lib/thumb/v7e-m+dp/hard/libg.a(lib_a-snprintf.o)
                              /tmp/emg_h7s3l8.elf.Qphdq6.ltrans0.ltrans.o (snprintf)
/home/mertoshi/MaximSDK/Tools/GNUTools/10.3/bin/../lib/gcc/arm-none-eabi/10.3.1/../../../../arm-none-eabi/lib/thumb/v7e-m+dp/hard/libg.a(lib_a-strlen.o)
                              /tmp/emg_h7s3l8.elf.Qphdq6.ltrans0.ltrans.o (strlen)
/home/mertoshi/MaximSDK/Tools/GNUTools/10.3/bin/../lib/gcc/arm-none-eabi/10.3.1/../../../../arm-none-eabi/lib/thumb/v7e-m+dp/hard/libg.a(lib_a-svfprintf.o)
[...]
Memory Configuration

Name             Origin             Length             Attributes
RAM              0x0000000024000000 0x0000000000071c00 xrw
ITCM             0x0000000000000000 0x0000000000010000 xrw
DTCM             0x0000000020000000 0x0000000000010000 rw
SRAMAHB          0x0000000030000000 0x0000000000008000 rw
BKPSRAM          0x0000000038800000 0x0000000000001000 rw
FLASH            0x0000000008000000 0x0000000000200000 xrw
*default*        0x0000000000000000 0xffffffffffffffff

Linker script and memory map

LOAD /home/mertoshi/MaximSDK/Tools/GNUTools/10.3/bin/../lib/gcc/arm-none-eabi/10.3.1/thumb/v7e-m+dp/hard/crti.o
LOAD /home/mertoshi/MaximSDK/Tools/GNUTools/10.3/bin/../lib/gcc/arm-none-eabi/10.3.1/thumb/v7e-m+dp/hard/crtbegin.o
LOAD /home/mertoshi/MaximSDK/Tools/GNUTools/10.3/bin/../lib/gcc/arm-none-eabi/10.3.1/../../../../arm-none-eabi/lib/thumb/v7e-m+dp/hard/crt0.o
LOAD obj/startup_stm32h7s3l8hx.o
LOAD obj/cmd_UART.o
LOAD /tmp/emg_h7s3l8.elf.Qphdq6.ltrans0.ltrans.o
LOAD /tmp/ccDKnHm5.debug.temp.o
LOAD /tmp/cclv54Ic.debug.temp.o
LOAD /tmp/cc9YhuXi.debug.temp.o
LOAD /tmp/cc537Qff.debug.temp.o
LOAD /tmp/ccEYViBi.debug.temp.o
LOAD /tmp/ccOIFMeT.debug.temp.o
LOAD /tmp/ccd7rBDL.debug.temp.o
LOAD obj/coeffs_IIR.o
LOAD obj/Peripheral_Init.o
LOAD obj/Settings_UART.o
LOAD obj/cmd_ADS1299.o
LOAD obj/IRQ.o
LOAD obj/main.o
LOAD obj/Delay.o
LOAD obj/stm32h7rsxx_hal.o
LOAD obj/stm32h7rsxx_hal_gpio.o
LOAD obj/stm32h7rsxx_hal_spi.o
LOAD obj/stm32h7rsxx_hal_uart.o
LOAD obj/stm32h7rsxx_hal_uart_ex.o
LOAD obj/stm32h7rsxx_hal_dma.o
LOAD obj/stm32h7rsxx_hal_dma_ex.o
LOAD obj/stm32h7rsxx_hal_rcc.o
LOAD obj/stm32h7rsxx_hal_rcc_ex.o
LOAD obj/stm32h7rsxx_hal_cortex.o
LOAD obj/stm32h7rsxx_hal_exti.o
LOAD obj/stm32h7rsxx_hal_flash.o
LOAD obj/stm32h7rsxx_hal_flash_ex.o
LOAD obj/stm32h7rsxx_hal_pwr.o
LOAD obj/stm32h7rsxx_hal_pwr_ex.o
LOAD obj/stm32h7rsxx_hal_tim.o
LOAD obj/stm32h7rsxx_hal_tim_ex.o
LOAD obj/FastMathFunctions/arm_sin_f32.o
LOAD obj/FastMathFunctions/arm_cos_f32.o
LOAD obj/CommonTables/arm_common_tables.o
LOAD obj/CommonTables/arm_const_structs.o
LOAD obj/BasicMathFunctions/arm_mult_f32.o
LOAD obj/BasicMathFunctions/arm_scale_f32.o
LOAD obj/BasicMathFunctions/arm_abs_f32.o
LOAD obj/StatisticsFunctions/arm_mean_f32.o
LOAD obj/StatisticsFunctions/arm_rms_f32.o
LOAD obj/StatisticsFunctions/arm_std_f32.o
LOAD obj/StatisticsFunctions/arm_var_f32.o
LOAD obj/StatisticsFunctions/arm_max_f32.o
LOAD obj/StatisticsFunctions/arm_min_f32.o
LOAD obj/FilteringFunctions/arm_fir_f32.o
LOAD obj/FilteringFunctions/arm_fir_init_f32.o
LOAD obj/FilteringFunctions/arm_biquad_cascade_df2T_f32.o
LOAD obj/FilteringFunctions/arm_biquad_cascade_df2T_init_f32.o
LOAD obj/TransformFunctions/arm_rfft_fast_f32.o
LOAD obj/TransformFunctions/arm_rfft_fast_init_f32.o
LOAD obj/TransformFunctions/arm_cfft_f32.o
LOAD obj/TransformFunctions/arm_cfft_init_f32.o
LOAD obj/TransformFunctions/arm_cfft_radix8_f32.o
LOAD obj/TransformFunctions/arm_bitreversal2.o
LOAD obj/ComplexMathFunctions/arm_cmplx_mag_f32.o
LOAD obj/ComplexMathFunctions/arm_cmplx_mag_squared_f32.o
LOAD obj/SupportFunctions/arm_copy_f32.o
LOAD obj/SupportFunctions/arm_fill_f32.o
LOAD obj/StatisticsFunctions/arm_power_f32.o
LOAD /home/mertoshi/MaximSDK/Tools/GNUTools/10.3/bin/../lib/gcc/arm-none-eabi/10.3.1/../../../../arm-none-eabi/lib/thumb/v7e-m+dp/hard/libm.a
START GROUP
LOAD /home/mertoshi/MaximSDK/Tools/GNUTools/10.3/bin/../lib/gcc/arm-none-eabi/10.3.1/thumb/v7e-m+dp/hard/libgcc.a
LOAD /home/mertoshi/MaximSDK/Tools/GNUTools/10.3/bin/../lib/gcc/arm-none-eabi/10.3.1/../../../../arm-none-eabi/lib/thumb/v7e-m+dp/hard/libg.a
LOAD /home/mertoshi/MaximSDK/Tools/GNUTools/10.3/bin/../lib/gcc/arm-none-eabi/10.3.1/../../../../arm-none-eabi/lib/thumb/v7e-m+dp/hard/libc.a
END GROUP
START GROUP
LOAD /home/mertoshi/MaximSDK/Tools/GNUTools/10.3/bin/../lib/gcc/arm-none-eabi/10.3.1/thumb/v7e-m+dp/hard/libgcc.a
LOAD /home/mertoshi/MaximSDK/Tools/GNUTools/10.3/bin/../lib/gcc/arm-none-eabi/10.3.1/../../../../arm-none-eabi/lib/thumb/v7e-m+dp/hard/libc.a
LOAD /home/mertoshi/MaximSDK/Tools/GNUTools/10.3/bin/../lib/gcc/arm-none-eabi/10.3.1/../../../../arm-none-eabi/lib/thumb/v7e-m+dp/hard/libnosys.a
END GROUP
LOAD /home/mertoshi/MaximSDK/Tools/GNUTools/10.3/bin/../lib/gcc/arm-none-eabi/10.3.1/thumb/v7e-m+dp/hard/crtend.o
LOAD /home/mertoshi/MaximSDK/Tools/GNUTools/10.3/bin/../lib/gcc/arm-none-eabi/10.3.1/thumb/v7e-m+dp/hard/crtn.o
                0x0000000020010000                _estack = (ORIGIN (DTCM) + LENGTH (DTCM))
                0x0000000000000200                _Min_Heap_Size = 0x200
                0x0000000000000400                _Min_Stack_Size = 0x400
                0x0000000008000000                __FLASH_BEGIN = 0x8000000
                0x0000000000200000                __FLASH_SIZE = 0x200000
                0x0000000024000000                __RAM_BEGIN = 0x24000000
                0x0000000000071c00                __RAM_SIZE = 0x71c00

.isr_vector     0x0000000008000000      0x2b0
                0x0000000008000000                . = ALIGN (0x4)
 *(.isr_vector)
 .isr_vector    0x0000000008000000      0x2b0 obj/startup_stm32h7s3l8hx.o
                0x0000000008000000                g_pfnVectors
                0x00000000080002b0                . = ALIGN (0x4)

.text           0x00000000080002c0    0x2cc6c
                0x00000000080002c0                . = ALIGN (0x4)
 *(.text)
 .text          0x00000000080002c0        0x0 /home/mertoshi/MaximSDK/Tools/GNUTools/10.3/bin/../lib/gcc/arm-none-eabi/10.3.1/thumb/v7e-m+dp/hard/crti.o
 .text          0x00000000080002c0       0x40 /home/mertoshi/MaximSDK/Tools/GNUTools/10.3/bin/../lib/gcc/arm-none-eabi/10.3.1/thumb/v7e-m+dp/hard/crtbegin.o
 .text          0x0000000008000300       0x7c /home/mertoshi/MaximSDK/Tools/GNUTools/10.3/bin/../lib/gcc/arm-none-eabi/10.3.1/../../../../arm-none-eabi/lib/thumb/v7e-m+dp/hard/crt0.o
                0x0000000008000300                _stack_init
                0x0000000008000308                _mainCRTStartup
                0x0000000008000308                _start
 .text          0x000000000800037c       0x14 obj/startup_stm32h7s3l8hx.o
 .text          0x0000000008000390     0x1a6c /tmp/emg_h7s3l8.elf.Qphdq6.ltrans0.ltrans.o
                0x0000000008000d70                SPI1_IRQHandler
                0x0000000008000d7c                USART1_IRQHandler
                0x0000000008000d88                EXTI6_IRQHandler
                0x00000000080010a8                EXTI0_IRQHandler
                0x0000000008001d4c                USART3_IRQHandler
                0x0000000008001dd0                HAL_SPI_TxRxCpltCallback
                0x0000000008001dd4                HAL_UART_RxCpltCallback
                0x0000000008001de8                HAL_GPIO_EXTI_Callback
 .text          0x0000000008001dfc        0x0 obj/Delay.o
 .text          0x0000000008001dfc      0xbb8 obj/stm32h7rsxx_hal.o
                0x0000000008001dfc                HAL_Init
                0x0000000008001e2c                HAL_DeInit
                0x0000000008001ef4                HAL_MspInit
                0x0000000008001f02                HAL_MspDeInit
                0x0000000008001f10                HAL_InitTick
                0x0000000008001f88                HAL_IncTick
                0x0000000008001fb0                HAL_GetTick
                0x0000000008001fc8                HAL_GetTickPrio
                0x0000000008001fe0                HAL_SetTickFreq
                0x0000000008002030                HAL_GetTickFreq
                0x0000000008002048                HAL_Delay
                0x0000000008002090                HAL_SuspendTick
                0x00000000080020b0                HAL_ResumeTick
                0x00000000080020d0                HAL_GetHalVersion
                0x00000000080020e2                HAL_GetREVID
                0x00000000080020fc                HAL_GetDEVID
                0x0000000008002118                HAL_GetUIDw0
                0x0000000008002130                HAL_GetUIDw1
                0x0000000008002148                HAL_GetUIDw2
                0x0000000008002160                HAL_DBGMCU_EnableDBGSleepMode
                0x0000000008002180                HAL_DBGMCU_DisableDBGSleepMode
                0x00000000080021a0                HAL_DBGMCU_EnableDBGStopMode
                0x00000000080021c0                HAL_DBGMCU_DisableDBGStopMode
                0x00000000080021e0                HAL_DBGMCU_EnableDBGStandbyMode
                0x0000000008002200                HAL_DBGMCU_DisableDBGStandbyMode
                0x0000000008002220                HAL_SBS_GetBootAddress
                0x0000000008002238                HAL_SBS_IncrementHDPLValue
                0x000000000800225c                HAL_SBS_GetHDPLValue
                0x0000000008002274                HAL_SBS_OpenAccessPort
                0x0000000008002298                HAL_SBS_OpenDebug
                0x00000000080022bc                HAL_SBS_ConfigDebugLevel
                0x00000000080022f4                HAL_SBS_GetDebugLevel
                0x0000000008002310                HAL_SBS_UnlockDebugConfig
                0x0000000008002334                HAL_SBS_LockDebugConfig
                0x0000000008002358                HAL_SBS_ConfigRSSCommand
                0x0000000008002384                HAL_SBS_GetRSSCommand
                0x000000000800239c                HAL_SBS_EnableIOAnalogBooster
                0x00000000080023c4                HAL_SBS_DisableIOAnalogBooster
                0x00000000080023e8                HAL_SBS_EnableIOAnalogSwitchVdd
                0x0000000008002410                HAL_SBS_DisableIOAnalogSwitchVdd
                0x0000000008002434                HAL_SBS_ConfigEthernetPHY
                0x0000000008002460                HAL_SBS_ConfigAXISRAMWaitState
                0x000000000800248c                HAL_SBS_EnableCompensationCell
                0x00000000080024b4                HAL_SBS_DisableCompensationCell
                0x00000000080024e0                HAL_SBS_GetCompensationCellReadyStatus
                0x000000000800250c                HAL_SBS_ConfigCompensationCell
                0x00000000080025b4                HAL_SBS_GetCompensationCell
                0x000000000800265c                HAL_SBS_EnableIOSpeedOptimize
                0x0000000008002684                HAL_SBS_DisableIOSpeedOptimize
                0x00000000080026b0                HAL_SBS_ConfigTimerBreakInput
                0x00000000080026d8                HAL_SBS_GetTimerBreakInputConfig
                0x00000000080026f8                HAL_SBS_EXTIConfig
                0x000000000800274c                HAL_SBS_GetEXTIConfig
                0x0000000008002790                HAL_VREFBUF_VoltageScalingConfig
                0x00000000080027b8                HAL_VREFBUF_HighImpedanceConfig
                0x00000000080027e0                HAL_VREFBUF_TrimmingConfig
                0x0000000008002808                HAL_VREFBUF_Enable
                0x0000000008002850                HAL_VREFBUF_Disable
                0x0000000008002870                HAL_AXIM_ASIB_EnablePacking
                0x000000000800288a                HAL_AXIM_ASIB_DisablePacking
                0x00000000080028a4                HAL_AXIM_ASIB_IssuingConfig
                0x00000000080028c8                HAL_AXIM_ASIB_ReadQoSConfig
                0x00000000080028e6                HAL_AXIM_ASIB_WriteQoSConfig
                0x0000000008002904                HAL_AXIM_AMIB_EnablePacking
                0x000000000800291e                HAL_AXIM_AMIB_DisablePacking
                0x0000000008002938                HAL_AXIM_AMIB_IssuingConfig
                0x000000000800295c                HAL_AXIM_AMIB_IssuingConfigBusMatrix
                0x000000000800297e                HAL_AXIM_AMIB_EnableLongBurst
                0x0000000008002998                HAL_AXIM_AMIB_DisableLongBurst
 .text          0x00000000080029b4      0x5a4 obj/stm32h7rsxx_hal_gpio.o
                0x00000000080029b4                HAL_GPIO_Init
                0x0000000008002c74                HAL_GPIO_DeInit
                0x0000000008002dfc                HAL_GPIO_ReadPin
                0x0000000008002e2c                HAL_GPIO_WritePin
                0x0000000008002e5c                HAL_GPIO_WriteMultipleStatePin
                0x0000000008002e88                HAL_GPIO_TogglePin
                0x0000000008002ebc                HAL_GPIO_LockPin
                0x0000000008002f0c                HAL_GPIO_EXTI_IRQHandler
 .text          0x0000000008002f58     0x36fc obj/stm32h7rsxx_hal_spi.o
                0x0000000008002f58                HAL_SPI_Init
                0x0000000008003314                HAL_SPI_DeInit
                0x0000000008003366                HAL_SPI_MspInit
                0x000000000800337a                HAL_SPI_MspDeInit
                0x000000000800338e                HAL_SPI_Transmit
                0x00000000080037ac                HAL_SPI_Receive
                0x0000000008003d94                HAL_SPI_TransmitReceive
                0x000000000800444a                HAL_SPI_Transmit_IT
                0x00000000080045e0                HAL_SPI_Receive_IT
                0x0000000008004778                HAL_SPI_TransmitReceive_IT
                0x00000000080049dc                HAL_SPI_Transmit_DMA
                0x0000000008004d48                HAL_SPI_Receive_DMA
                0x00000000080050c4                HAL_SPI_TransmitReceive_DMA
                0x00000000080055d8                HAL_SPI_Abort
                0x00000000080057c4                HAL_SPI_Abort_IT
                0x0000000008005a04                HAL_SPI_DMAPause
                0x0000000008005a2a                HAL_SPI_DMAResume
                0x0000000008005a50                HAL_SPI_DMAStop
                0x0000000008005a76                HAL_SPI_IRQHandler
                0x0000000008005e20                HAL_SPI_TxCpltCallback
                0x0000000008005e34                HAL_SPI_RxCpltCallback
                0x0000000008005e5c                HAL_SPI_TxHalfCpltCallback
                0x0000000008005e70                HAL_SPI_RxHalfCpltCallback
                0x0000000008005e84                HAL_SPI_TxRxHalfCpltCallback
                0x0000000008005e98                HAL_SPI_ErrorCallback
                0x0000000008005eac                HAL_SPI_AbortCpltCallback
                0x0000000008005ec0                HAL_SPI_SuspendCallback
                0x0000000008005ed4                HAL_SPI_GetState
                0x0000000008005ef0                HAL_SPI_GetError
 .text          0x0000000008006654     0x4580 obj/stm32h7rsxx_hal_uart.o
                0x0000000008006654                HAL_UART_Init
                0x00000000080066f4                HAL_HalfDuplex_Init
                0x00000000080067a4                HAL_LIN_Init
                0x0000000008006884                HAL_MultiProcessor_Init
                0x000000000800695c                HAL_UART_DeInit
                0x00000000080069da                HAL_UART_MspInit
                0x00000000080069ee                HAL_UART_MspDeInit
                0x0000000008006a02                HAL_UART_Transmit
                0x0000000008006b1e                HAL_UART_Receive
                0x0000000008006cae                HAL_UART_Transmit_IT
                0x0000000008006dd8                HAL_UART_Receive_IT
                0x0000000008006e70                HAL_UART_Transmit_DMA
                0x0000000008007000                HAL_UART_Receive_DMA
                0x0000000008007098                HAL_UART_DMAPause
                0x00000000080071c8                HAL_UART_DMAResume
                0x00000000080072b0                HAL_UART_DMAStop
                0x00000000080073dc                HAL_UART_Abort
                0x00000000080075f8                HAL_UART_AbortTransmit
                0x0000000008007718                HAL_UART_AbortReceive
                0x0000000008007884                HAL_UART_Abort_IT
                0x0000000008007afc                HAL_UART_AbortTransmit_IT
                0x0000000008007c40                HAL_UART_AbortReceive_IT
                0x0000000008007ddc                HAL_UART_IRQHandler
                0x0000000008008454                HAL_UART_TxCpltCallback
                0x0000000008008468                HAL_UART_TxHalfCpltCallback
                0x0000000008008490                HAL_UART_RxHalfCpltCallback
                0x00000000080084a4                HAL_UART_ErrorCallback
                0x00000000080084b8                HAL_UART_AbortCpltCallback
                0x00000000080084cc                HAL_UART_AbortTransmitCpltCallback
                0x00000000080084e0                HAL_UART_AbortReceiveCpltCallback
                0x00000000080084f4                HAL_UARTEx_RxEventCallback
                0x000000000800850c                HAL_UART_ReceiverTimeout_Config
                0x0000000008008544                HAL_UART_EnableReceiverTimeout
                0x00000000080085b8                HAL_UART_DisableReceiverTimeout
                0x000000000800862c                HAL_MultiProcessor_EnableMuteMode
                0x000000000800869c                HAL_MultiProcessor_DisableMuteMode
                0x000000000800870c                HAL_MultiProcessor_EnterMuteMode
                0x0000000008008730                HAL_HalfDuplex_EnableTransmitter
                0x00000000080087d8                HAL_HalfDuplex_EnableReceiver
                0x0000000008008880                HAL_LIN_SendBreak
                0x00000000080088d4                HAL_UART_GetState
                0x00000000080088fe                HAL_UART_GetError
                0x0000000008008918                UART_SetConfig
                0x0000000008009048                UART_AdvFeatureConfig
                0x000000000800918c                UART_CheckIdleState
                0x00000000080092e0                UART_WaitOnFlagUntilTimeout
                0x00000000080093ba                UART_Start_Receive_IT
                0x00000000080095fc                UART_Start_Receive_DMA
 .text          0x000000000800abd4      0x918 obj/stm32h7rsxx_hal_uart_ex.o
                0x000000000800abd4                HAL_RS485Ex_Init
                0x000000000800aca8                HAL_UARTEx_WakeupCallback
                0x000000000800acbc                HAL_UARTEx_RxFifoFullCallback
                0x000000000800acd0                HAL_UARTEx_TxFifoEmptyCallback
                0x000000000800ace4                HAL_MultiProcessorEx_AddressLength_Set
                0x000000000800ad44                HAL_UARTEx_StopModeWakeUpSourceConfig
                0x000000000800adfa                HAL_UARTEx_EnableStopMode
                0x000000000800ae60                HAL_UARTEx_DisableStopMode
                0x000000000800aec6                HAL_UARTEx_EnableFifoMode
                0x000000000800af3c                HAL_UARTEx_DisableFifoMode
                0x000000000800afae                HAL_UARTEx_SetTxFifoThreshold
                0x000000000800b02a                HAL_UARTEx_SetRxFifoThreshold
                0x000000000800b0a6                HAL_UARTEx_ReceiveToIdle
                0x000000000800b2aa                HAL_UARTEx_ReceiveToIdle_IT
                0x000000000800b34a                HAL_UARTEx_ReceiveToIdle_DMA
                0x000000000800b3f2                HAL_UARTEx_GetRxEventType
 .text          0x000000000800b4ec     0x1380 obj/stm32h7rsxx_hal_dma.o
                0x000000000800b4ec                HAL_DMA_Init
                0x000000000800b770                HAL_DMA_DeInit
                0x000000000800b8f4                HAL_DMA_Start
                0x000000000800b974                HAL_DMA_Start_IT
                0x000000000800ba34                HAL_DMA_Abort
                0x000000000800bb2c                HAL_DMA_Abort_IT
                0x000000000800bb7c                HAL_DMA_PollForTransfer
                0x000000000800bd48                HAL_DMA_IRQHandler
                0x000000000800c00a                HAL_DMA_RegisterCallback
                0x000000000800c094                HAL_DMA_UnRegisterCallback
                0x000000000800c140                HAL_DMA_GetState
                0x000000000800c15c                HAL_DMA_GetError
                0x000000000800c174                HAL_DMA_ConfigChannelAttributes
                0x000000000800c1f4                HAL_DMA_GetConfigChannelAttributes
                0x000000000800c264                HAL_DMA_LockChannelAttributes
                0x000000000800c2b8                HAL_DMA_GetLockChannelAttributes
 .text          0x000000000800c86c     0x2f98 obj/stm32h7rsxx_hal_dma_ex.o
                0x000000000800c86c                HAL_DMAEx_List_Init
                0x000000000800cac4                HAL_DMAEx_List_DeInit
                0x000000000800cc60                HAL_DMAEx_List_Start
                0x000000000800cd4c                HAL_DMAEx_List_Start_IT
                0x000000000800ce78                HAL_DMAEx_List_BuildNode
                0x000000000800cea4                HAL_DMAEx_List_GetNodeConfig
                0x000000000800ced0                HAL_DMAEx_List_InsertNode
                0x000000000800d062                HAL_DMAEx_List_InsertNode_Head
                0x000000000800d134                HAL_DMAEx_List_InsertNode_Tail
                0x000000000800d224                HAL_DMAEx_List_RemoveNode
                0x000000000800d3a0                HAL_DMAEx_List_RemoveNode_Head
                0x000000000800d4ac                HAL_DMAEx_List_RemoveNode_Tail
                0x000000000800d580                HAL_DMAEx_List_ReplaceNode
                0x000000000800d798                HAL_DMAEx_List_ReplaceNode_Head
                0x000000000800d8a2                HAL_DMAEx_List_ReplaceNode_Tail
                0x000000000800d99a                HAL_DMAEx_List_ResetQ
                0x000000000800da2e                HAL_DMAEx_List_InsertQ
                0x000000000800dcb0                HAL_DMAEx_List_InsertQ_Head
                0x000000000800de2e                HAL_DMAEx_List_InsertQ_Tail
                0x000000000800dfa4                HAL_DMAEx_List_SetCircularModeConfig
                0x000000000800e080                HAL_DMAEx_List_SetCircularMode
                0x000000000800e140                HAL_DMAEx_List_ClearCircularMode
                0x000000000800e1d8                HAL_DMAEx_List_ConvertQToDynamic
                0x000000000800e310                HAL_DMAEx_List_ConvertQToStatic
                0x000000000800e3e4                HAL_DMAEx_List_LinkQ
                0x000000000800e510                HAL_DMAEx_List_UnLinkQ
                0x000000000800e562                HAL_DMAEx_ConfigDataHandling
                0x000000000800e5c8                HAL_DMAEx_ConfigTrigger
                0x000000000800e638                HAL_DMAEx_ConfigRepeatBlock
                0x000000000800e748                HAL_DMAEx_Suspend
                0x000000000800e7de                HAL_DMAEx_Suspend_IT
                0x000000000800e82e                HAL_DMAEx_Resume
                0x000000000800e894                HAL_DMAEx_GetFifoLevel
 .text          0x000000000800f804     0x1d00 obj/stm32h7rsxx_hal_rcc.o
                0x000000000800f804                HAL_RCC_DeInit
                0x000000000800fa80                HAL_RCC_OscConfig
                0x00000000080100f4                HAL_RCC_ClockConfig
                0x0000000008010424                HAL_RCC_MCOConfig
                0x00000000080104d8                HAL_RCC_EnableCSS
                0x00000000080104f8                HAL_RCC_DisableCSS
                0x0000000008010518                HAL_RCC_GetSysClockFreq
                0x00000000080107e4                HAL_RCC_GetHCLKFreq
                0x0000000008010834                HAL_RCC_GetPCLK1Freq
                0x000000000801086c                HAL_RCC_GetPCLK2Freq
                0x00000000080108a4                HAL_RCC_GetPCLK4Freq
                0x00000000080108dc                HAL_RCC_GetPCLK5Freq
                0x0000000008010914                HAL_RCC_GetPLL1PFreq
                0x0000000008010940                HAL_RCC_GetPLL1QFreq
                0x000000000801096c                HAL_RCC_GetPLL1RFreq
                0x0000000008010998                HAL_RCC_GetPLL1SFreq
                0x00000000080109c4                HAL_RCC_GetPLL2PFreq
                0x00000000080109f0                HAL_RCC_GetPLL2QFreq
                0x0000000008010a1c                HAL_RCC_GetPLL2RFreq
                0x0000000008010a48                HAL_RCC_GetPLL2SFreq
                0x0000000008010a74                HAL_RCC_GetPLL2TFreq
                0x0000000008010aa4                HAL_RCC_GetPLL3PFreq
                0x0000000008010ad0                HAL_RCC_GetPLL3QFreq
                0x0000000008010afc                HAL_RCC_GetPLL3RFreq
                0x0000000008010b28                HAL_RCC_GetPLL3SFreq
                0x0000000008010b54                HAL_RCC_GetOscConfig
                0x0000000008010e34                HAL_RCC_GetClockConfig
                0x0000000008010eb8                HAL_RCC_NMI_IRQHandler
                0x0000000008010ee0                HAL_RCC_HSECSSCallback
                0x0000000008010eee                HAL_RCC_LSECSSCallback
                0x0000000008010efc                HAL_RCC_GetResetSource
 .text          0x0000000008011504     0x2b90 obj/stm32h7rsxx_hal_rcc_ex.o
                0x0000000008011504                HAL_RCCEx_PeriphCLKConfig
                0x000000000801230c                HAL_RCCEx_GetPeriphCLKConfig
                0x0000000008012518                HAL_RCCEx_GetPeriphCLKFreq
                0x0000000008013b98                HAL_RCCEx_EnableClockProtection
                0x0000000008013bc0                HAL_RCCEx_DisableClockProtection
                0x0000000008013bec                HAL_RCCEx_EnableLSECSS
                0x0000000008013c0c                HAL_RCCEx_DisableLSECSS
                0x0000000008013c38                HAL_RCCEx_EnableLSECSS_IT
                0x0000000008013c88                HAL_RCCEx_WakeUpStopCLKConfig
                0x0000000008013cb0                HAL_RCCEx_KerWakeUpStopCLKConfig
                0x0000000008013cd8                HAL_RCCEx_LSECSS_IRQHandler
                0x0000000008013d00                HAL_RCCEx_LSECSS_Callback
                0x0000000008013d0e                HAL_RCCEx_CRSConfig
                0x0000000008013d98                HAL_RCCEx_CRSSoftwareSynchronizationGenerate
                0x0000000008013db8                HAL_RCCEx_CRSGetSynchronizationInfo
                0x0000000008013e00                HAL_RCCEx_CRSWaitSynchronization
                0x0000000008013ee4                HAL_RCCEx_CRS_IRQHandler
                0x0000000008013fc0                HAL_RCCEx_CRS_SyncOkCallback
                0x0000000008013fce                HAL_RCCEx_CRS_SyncWarnCallback
                0x0000000008013fdc                HAL_RCCEx_CRS_ExpectedSyncCallback
                0x0000000008013fea                HAL_RCCEx_CRS_ErrorCallback
 .text          0x0000000008014094      0x6dc obj/stm32h7rsxx_hal_cortex.o
                0x0000000008014464                HAL_NVIC_SetPriorityGrouping
                0x000000000801447a                HAL_NVIC_SetPriority
                0x00000000080144ae                HAL_NVIC_EnableIRQ
                0x00000000080144ca                HAL_NVIC_DisableIRQ
                0x00000000080144e6                HAL_NVIC_SystemReset
                0x00000000080144ee                HAL_SYSTICK_Config
                0x0000000008014506                HAL_NVIC_GetPriorityGrouping
                0x0000000008014514                HAL_NVIC_GetPriority
                0x0000000008014540                HAL_NVIC_SetPendingIRQ
                0x000000000801455c                HAL_NVIC_GetPendingIRQ
                0x000000000801457a                HAL_NVIC_ClearPendingIRQ
                0x0000000008014596                HAL_NVIC_GetActive
                0x00000000080145b4                HAL_SYSTICK_CLKSourceConfig
                0x00000000080145dc                HAL_SYSTICK_IRQHandler
                0x00000000080145e8                HAL_SYSTICK_Callback
                0x00000000080145f6                HAL_MPU_Enable
                0x000000000801463c                HAL_MPU_Disable
                0x0000000008014678                HAL_MPU_EnableRegion
                0x00000000080146a4                HAL_MPU_DisableRegion
                0x00000000080146d0                HAL_MPU_ConfigRegion
                0x000000000801475c                HAL_CORTEX_ClearEvent
 .text          0x0000000008014770      0x598 obj/stm32h7rsxx_hal_exti.o
                0x0000000008014770                HAL_EXTI_SetConfigLine
                0x000000000801490c                HAL_EXTI_GetConfigLine
                0x0000000008014a5c                HAL_EXTI_ClearConfigLine
                0x0000000008014b68                HAL_EXTI_RegisterCallback
                0x0000000008014b9c                HAL_EXTI_GetHandle
                0x0000000008014bc4                HAL_EXTI_IRQHandler
                0x0000000008014c24                HAL_EXTI_GetPending
                0x0000000008014c7c                HAL_EXTI_ClearPending
                0x0000000008014cc4                HAL_EXTI_GenerateSWI
 .text          0x0000000008014d08      0x8e0 obj/stm32h7rsxx_hal_flash.o
                0x0000000008014d08                HAL_FLASH_Program
                0x0000000008014e38                HAL_FLASH_Program_IT
                0x0000000008014f64                HAL_FLASH_IRQHandler
                0x00000000080150c8                HAL_FLASH_EndOfOperationCallback
                0x00000000080150dc                HAL_FLASH_OperationErrorCallback
                0x00000000080150f0                HAL_FLASH_Unlock
                0x0000000008015134                HAL_FLASH_Lock
                0x0000000008015164                HAL_FLASH_OB_Unlock
                0x00000000080151b0                HAL_FLASH_OB_Lock
                0x00000000080151e8                HAL_FLASH_GetError
                0x0000000008015200                FLASH_WaitForLastOperation
 .text          0x00000000080155e8      0xd0c obj/stm32h7rsxx_hal_flash_ex.o
                0x00000000080155e8                HAL_FLASHEx_Erase
                0x00000000080156a8                HAL_FLASHEx_Erase_IT
                0x0000000008015730                HAL_FLASHEx_OBProgram
                0x000000000801581c                HAL_FLASHEx_OBGetConfig
                0x000000000801587e                HAL_FLASHEx_OTPLockConfig
                0x0000000008015928                HAL_FLASHEx_GetOTPLock
                0x0000000008015944                HAL_FLASHEx_KeyConfig
                0x0000000008015a74                HAL_FLASHEx_GetKey
                0x0000000008015ba0                HAL_FLASHEx_ComputeCRC
                0x0000000008015cc0                HAL_FLASHEx_EnableEccCorrectionInterrupt
                0x0000000008015ce0                HAL_FLASHEx_DisableEccCorrectionInterrupt
                0x0000000008015d00                HAL_FLASHEx_EnableEccDetectionInterrupt
                0x0000000008015d20                HAL_FLASHEx_DisableEccDetectionInterrupt
                0x0000000008015d40                HAL_FLASHEx_GetEccInfo
                0x0000000008015dec                HAL_FLASHEx_ECCD_IRQHandler
                0x0000000008015e10                HAL_FLASHEx_EccCorrectionCallback
                0x0000000008015e1e                HAL_FLASHEx_EccDetectionCallback
                0x0000000008015e4c                FLASH_SectorErase
 .text          0x00000000080162f4      0x33c obj/stm32h7rsxx_hal_pwr.o
                0x00000000080162f4                HAL_PWR_DeInit
                0x0000000008016302                HAL_PWR_EnableBkUpAccess
                0x0000000008016320                HAL_PWR_DisableBkUpAccess
                0x0000000008016340                HAL_PWR_ConfigPVD
                0x0000000008016434                HAL_PWR_EnablePVD
                0x0000000008016454                HAL_PWR_DisablePVD
                0x0000000008016474                HAL_PWR_EnableWakeUpPin
                0x00000000080164a0                HAL_PWR_DisableWakeUpPin
                0x00000000080164cc                HAL_PWR_EnterSLEEPMode
                0x000000000801650c                HAL_PWR_EnterSTOPMode
                0x0000000008016574                HAL_PWR_EnterSTANDBYMode
                0x00000000080165b0                HAL_PWR_EnableSleepOnExit
                0x00000000080165d0                HAL_PWR_DisableSleepOnExit
                0x00000000080165f0                HAL_PWR_EnableSEVOnPend
                0x0000000008016610                HAL_PWR_DisableSEVOnPend
 .text          0x0000000008016630      0xbc0 obj/stm32h7rsxx_hal_pwr_ex.o
                0x0000000008016630                HAL_PWREx_ConfigSupply
                0x00000000080166d4                HAL_PWREx_GetSupplyConfig
                0x00000000080166f0                HAL_PWREx_ControlVoltageScaling
                0x0000000008016740                HAL_PWREx_GetVoltageRange
                0x000000000801675c                HAL_PWREx_ControlStopModeVoltageScaling
                0x0000000008016788                HAL_PWREx_GetStopModeVoltageRange
                0x00000000080167a4                HAL_PWREx_EnableFlashPowerDown
                0x00000000080167c4                HAL_PWREx_DisableFlashPowerDown
                0x00000000080167e4                HAL_PWREx_EnableWakeUpPin
                0x000000000801690c                HAL_PWREx_DisableWakeUpPin
                0x0000000008016934                HAL_PWREx_GetWakeupFlag
                0x0000000008016954                HAL_PWREx_ClearWakeupFlag
                0x0000000008016984                HAL_PWREx_WAKEUP_PIN_IRQHandler
                0x0000000008016a00                HAL_PWREx_WKUP1_Callback
                0x0000000008016a0e                HAL_PWREx_WKUP2_Callback
                0x0000000008016a1c                HAL_PWREx_WKUP3_Callback
                0x0000000008016a2a                HAL_PWREx_WKUP4_Callback
                0x0000000008016a38                HAL_PWREx_EnableBkUpReg
                0x0000000008016a80                HAL_PWREx_DisableBkUpReg
                0x0000000008016ac8                HAL_PWREx_EnableUSBReg
                0x0000000008016ae8                HAL_PWREx_DisableUSBReg
                0x0000000008016b08                HAL_PWREx_EnableUSBVoltageDetector
                0x0000000008016b50                HAL_PWREx_DisableUSBVoltageDetector
                0x0000000008016b98                HAL_PWREx_EnableUSBHSregulator
                0x0000000008016bb8                HAL_PWREx_DisableUSBHSregulator
                0x0000000008016bd8                HAL_PWREx_EnableUCPDStandbyMode
                0x0000000008016bf8                HAL_PWREx_DisableUCPDStandbyMode
                0x0000000008016c18                HAL_PWREx_EnableUCPDDeadBattery
                0x0000000008016c38                HAL_PWREx_DisableUCPDDeadBattery
                0x0000000008016c58                HAL_PWREx_EnableBatteryCharging
                0x0000000008016c84                HAL_PWREx_DisableBatteryCharging
                0x0000000008016ca4                HAL_PWREx_EnableAnalogBooster
                0x0000000008016cd0                HAL_PWREx_DisableAnalogBooster
                0x0000000008016cfc                HAL_PWREx_EnableXSPIM1
                0x0000000008016d1c                HAL_PWREx_DisableXSPIM1
                0x0000000008016d3c                HAL_PWREx_EnableXSPIM2
                0x0000000008016d5c                HAL_PWREx_DisableXSPIM2
                0x0000000008016d7c                HAL_PWREx_ConfigXSPIPortCap
                0x0000000008016dc4                HAL_PWREx_GetConfigXSPIPortCap
                0x0000000008016e00                HAL_PWREx_EnableMonitoring
                0x0000000008016e20                HAL_PWREx_DisableMonitoring
                0x0000000008016e40                HAL_PWREx_GetTemperatureLevel
                0x0000000008016e88                HAL_PWREx_GetVBATLevel
                0x0000000008016ed0                HAL_PWREx_ConfigAVD
                0x0000000008016fbc                HAL_PWREx_EnableAVD
                0x0000000008016fdc                HAL_PWREx_DisableAVD
                0x0000000008016ffc                HAL_PWREx_PVD_AVD_IRQHandler
                0x0000000008017024                HAL_PWREx_PVD_AVD_Callback
                0x0000000008017032                HAL_PWREx_EnablePullUpPullDownConfig
                0x0000000008017050                HAL_PWREx_DisablePullUpPullDownConfig
                0x0000000008017070                HAL_PWREx_EnableGPIOPullUp
                0x00000000080170c0                HAL_PWREx_DisableGPIOPullUp
                0x0000000008017114                HAL_PWREx_EnableGPIOPullDown
                0x0000000008017180                HAL_PWREx_DisableGPIOPullDown
 .text          0x00000000080171f0     0x6df4 obj/stm32h7rsxx_hal_tim.o
                0x00000000080171f0                HAL_TIM_Base_Init
                0x000000000801729e                HAL_TIM_Base_DeInit
                0x0000000008017356                HAL_TIM_Base_MspInit
                0x000000000801736a                HAL_TIM_Base_MspDeInit
                0x000000000801737e                HAL_TIM_Base_Start
                0x0000000008017458                HAL_TIM_Base_Stop
                0x00000000080174a6                HAL_TIM_Base_Start_IT
                0x0000000008017590                HAL_TIM_Base_Stop_IT
                0x00000000080175ee                HAL_TIM_Base_Start_DMA
                0x0000000008017740                HAL_TIM_Base_Stop_DMA
                0x00000000080177a4                HAL_TIM_OC_Init
                0x0000000008017852                HAL_TIM_OC_DeInit
                0x000000000801790a                HAL_TIM_OC_MspInit
                0x000000000801791e                HAL_TIM_OC_MspDeInit
                0x0000000008017932                HAL_TIM_OC_Start
                0x0000000008017b40                HAL_TIM_OC_Stop
                0x0000000008017c58                HAL_TIM_OC_Start_IT
                0x0000000008017f00                HAL_TIM_OC_Stop_IT
                0x00000000080180b4                HAL_TIM_OC_Start_DMA
                0x00000000080184f4                HAL_TIM_OC_Stop_DMA
                0x00000000080186d0                HAL_TIM_PWM_Init
                0x000000000801877e                HAL_TIM_PWM_DeInit
                0x0000000008018836                HAL_TIM_PWM_MspInit
                0x000000000801884a                HAL_TIM_PWM_MspDeInit
                0x000000000801885e                HAL_TIM_PWM_Start
                0x0000000008018a6c                HAL_TIM_PWM_Stop
                0x0000000008018b84                HAL_TIM_PWM_Start_IT
                0x0000000008018e2c                HAL_TIM_PWM_Stop_IT
                0x0000000008018fe0                HAL_TIM_PWM_Start_DMA
                0x0000000008019420                HAL_TIM_PWM_Stop_DMA
                0x00000000080195fc                HAL_TIM_IC_Init
                0x00000000080196aa                HAL_TIM_IC_DeInit
                0x0000000008019762                HAL_TIM_IC_MspInit
                0x0000000008019776                HAL_TIM_IC_MspDeInit
                0x000000000801978a                HAL_TIM_IC_Start
                0x000000000801998c                HAL_TIM_IC_Stop
                0x0000000008019a6e                HAL_TIM_IC_Start_IT
                0x0000000008019d08                HAL_TIM_IC_Stop_IT
                0x0000000008019e84                HAL_TIM_IC_Start_DMA
                0x000000000801a224                HAL_TIM_IC_Stop_DMA
                0x000000000801a3c6                HAL_TIM_OnePulse_Init
                0x000000000801a466                HAL_TIM_OnePulse_DeInit
                0x000000000801a4ee                HAL_TIM_OnePulse_MspInit
                0x000000000801a502                HAL_TIM_OnePulse_MspDeInit
                0x000000000801a516                HAL_TIM_OnePulse_Start
                0x000000000801a5f0                HAL_TIM_OnePulse_Stop
                0x000000000801a6e0                HAL_TIM_OnePulse_Start_IT
                0x000000000801a7dc                HAL_TIM_OnePulse_Stop_IT
                0x000000000801a8ec                HAL_TIM_Encoder_Init
                0x000000000801aa38                HAL_TIM_Encoder_DeInit
                0x000000000801aac0                HAL_TIM_Encoder_MspInit
                0x000000000801aad4                HAL_TIM_Encoder_MspDeInit
                0x000000000801aae8                HAL_TIM_Encoder_Start
                0x000000000801ac04                HAL_TIM_Encoder_Stop
                0x000000000801ad52                HAL_TIM_Encoder_Start_IT
                0x000000000801aeae                HAL_TIM_Encoder_Stop_IT
                0x000000000801b038                HAL_TIM_Encoder_Start_DMA
                0x000000000801b310                HAL_TIM_Encoder_Stop_DMA
                0x000000000801b4c2                HAL_TIM_IRQHandler
                0x000000000801b760                HAL_TIM_OC_ConfigChannel
                0x000000000801b854                HAL_TIM_IC_ConfigChannel
                0x000000000801b98c                HAL_TIM_PWM_ConfigChannel
                0x000000000801bbb2                HAL_TIM_OnePulse_ConfigChannel
                0x000000000801bd60                HAL_TIM_DMABurst_WriteStart
                0x000000000801bebe                HAL_TIM_DMABurst_MultiWriteStart
                0x000000000801c198                HAL_TIM_DMABurst_WriteStop
                0x000000000801c28c                HAL_TIM_DMABurst_ReadStart
                0x000000000801c3ea                HAL_TIM_DMABurst_MultiReadStart
                0x000000000801c6c4                HAL_TIM_DMABurst_ReadStop
                0x000000000801c7b8                HAL_TIM_GenerateEvent
                0x000000000801c806                HAL_TIM_ConfigOCrefClear
                0x000000000801ca20                HAL_TIM_ConfigClockSource
                0x000000000801cc70                HAL_TIM_ConfigTI1Input
                0x000000000801cca8                HAL_TIM_SlaveConfigSynchro
                0x000000000801cd2c                HAL_TIM_SlaveConfigSynchro_IT
                0x000000000801cdb0                HAL_TIM_ReadCapturedValue
                0x000000000801ce38                TIM_DMA_Start_IT
                0x000000000801ceae                HAL_TIM_PeriodElapsedCallback
                0x000000000801cec2                HAL_TIM_PeriodElapsedHalfCpltCallback
                0x000000000801ced6                HAL_TIM_OC_DelayElapsedCallback
                0x000000000801ceea                HAL_TIM_IC_CaptureCallback
                0x000000000801cefe                HAL_TIM_IC_CaptureHalfCpltCallback
                0x000000000801cf12                HAL_TIM_PWM_PulseFinishedCallback
                0x000000000801cf26                HAL_TIM_PWM_PulseFinishedHalfCpltCallback
                0x000000000801cf3a                HAL_TIM_TriggerCallback
                0x000000000801cf4e                HAL_TIM_TriggerHalfCpltCallback
                0x000000000801cf62                HAL_TIM_ErrorCallback
                0x000000000801cf76                HAL_TIM_Base_GetState
                0x000000000801cf92                HAL_TIM_OC_GetState
                0x000000000801cfae                HAL_TIM_PWM_GetState
                0x000000000801cfca                HAL_TIM_IC_GetState
                0x000000000801cfe6                HAL_TIM_OnePulse_GetState
                0x000000000801d002                HAL_TIM_Encoder_GetState
                0x000000000801d01e                HAL_TIM_GetActiveChannel
                0x000000000801d036                HAL_TIM_GetChannelState
                0x000000000801d0a8                HAL_TIM_DMABurstState
                0x000000000801d0c4                TIM_DMAError
                0x000000000801d1be                TIM_DMADelayPulseHalfCplt
                0x000000000801d226                TIM_DMACaptureCplt
                0x000000000801d28e                TIM_DMACaptureHalfCplt
                0x000000000801d366                TIM_Base_SetConfig
                0x000000000801d5c8                TIM_OC2_SetConfig
                0x000000000801dc10                TIM_TI1_SetConfig
                0x000000000801df58                TIM_ETR_SetConfig
                0x000000000801df98                TIM_CCxChannelCmd
 .text          0x000000000801dfe4     0x2dc4 obj/stm32h7rsxx_hal_tim_ex.o
                0x000000000801dfe4                HAL_TIMEx_HallSensor_Init
                0x000000000801e144                HAL_TIMEx_HallSensor_DeInit
                0x000000000801e1cc                HAL_TIMEx_HallSensor_MspInit
                0x000000000801e1e0                HAL_TIMEx_HallSensor_MspDeInit
                0x000000000801e1f4                HAL_TIMEx_HallSensor_Start
                0x000000000801e31c                HAL_TIMEx_HallSensor_Stop
                0x000000000801e38c                HAL_TIMEx_HallSensor_Start_IT
                0x000000000801e4c4                HAL_TIMEx_HallSensor_Stop_IT
                0x000000000801e544                HAL_TIMEx_HallSensor_Start_DMA
                0x000000000801e6bc                HAL_TIMEx_HallSensor_Stop_DMA
                0x000000000801e736                HAL_TIMEx_OCN_Start
                0x000000000801e8b4                HAL_TIMEx_OCN_Stop
                0x000000000801e96e                HAL_TIMEx_OCN_Start_IT
                0x000000000801eb94                HAL_TIMEx_OCN_Stop_IT
                0x000000000801ed0c                HAL_TIMEx_OCN_Start_DMA
                0x000000000801f088                HAL_TIMEx_OCN_Stop_DMA
                0x000000000801f204                HAL_TIMEx_PWMN_Start
                0x000000000801f384                HAL_TIMEx_PWMN_Stop
                0x000000000801f43e                HAL_TIMEx_PWMN_Start_IT
                0x000000000801f664                HAL_TIMEx_PWMN_Stop_IT
                0x000000000801f7dc                HAL_TIMEx_PWMN_Start_DMA
                0x000000000801fb58                HAL_TIMEx_PWMN_Stop_DMA
                0x000000000801fcd4                HAL_TIMEx_OnePulseN_Start
                0x000000000801fd7e                HAL_TIMEx_OnePulseN_Stop
                0x000000000801fe3c                HAL_TIMEx_OnePulseN_Start_IT
                0x000000000801ff06                HAL_TIMEx_OnePulseN_Stop_IT
                0x000000000801ffe4                HAL_TIMEx_ConfigCommutEvent
                0x0000000008020098                HAL_TIMEx_ConfigCommutEvent_IT
                0x000000000802014c                HAL_TIMEx_ConfigCommutEvent_DMA
                0x0000000008020224                HAL_TIMEx_MasterConfigSynchronization
                0x0000000008020338                HAL_TIMEx_ConfigBreakDeadTime
                0x000000000802043e                HAL_TIMEx_ConfigBreakInput
                0x0000000008020556                HAL_TIMEx_RemapConfig
                0x00000000080205a0                HAL_TIMEx_TISelection
                0x000000000802061c                HAL_TIMEx_GroupChannel5
                0x0000000008020682                HAL_TIMEx_DisarmBreakInput
                0x0000000008020714                HAL_TIMEx_ReArmBreakInput
                0x00000000080207d6                HAL_TIMEx_DitheringEnable
                0x00000000080207fc                HAL_TIMEx_DitheringDisable
                0x0000000008020822                HAL_TIMEx_OC_ConfigPulseOnCompare
                0x000000000802089c                HAL_TIMEx_ConfigSlaveModePreload
                0x00000000080208c8                HAL_TIMEx_EnableSlaveModePreload
                0x00000000080208ee                HAL_TIMEx_DisableSlaveModePreload
                0x0000000008020914                HAL_TIMEx_EnableDeadTimePreload
                0x000000000802093a                HAL_TIMEx_DisableDeadTimePreload
                0x0000000008020960                HAL_TIMEx_ConfigDeadTime
                0x000000000802098c                HAL_TIMEx_ConfigAsymmetricalDeadTime
                0x00000000080209b8                HAL_TIMEx_EnableAsymmetricalDeadTime
                0x00000000080209de                HAL_TIMEx_DisableAsymmetricalDeadTime
                0x0000000008020a04                HAL_TIMEx_ConfigEncoderIndex
                0x0000000008020a80                HAL_TIMEx_EnableEncoderIndex
                0x0000000008020aa6                HAL_TIMEx_DisableEncoderIndex
                0x0000000008020acc                HAL_TIMEx_EnableEncoderFirstIndex
                0x0000000008020af2                HAL_TIMEx_DisableEncoderFirstIndex
                0x0000000008020b18                HAL_TIMEx_CommutCallback
                0x0000000008020b2c                HAL_TIMEx_CommutHalfCpltCallback
                0x0000000008020b40                HAL_TIMEx_BreakCallback
                0x0000000008020b54                HAL_TIMEx_Break2Callback
                0x0000000008020b68                HAL_TIMEx_EncoderIndexCallback
                0x0000000008020b7c                HAL_TIMEx_DirectionChangeCallback
                0x0000000008020b90                HAL_TIMEx_IndexErrorCallback
                0x0000000008020ba4                HAL_TIMEx_TransitionErrorCallback
                0x0000000008020bb8                HAL_TIMEx_HallSensor_GetState
                0x0000000008020bd4                HAL_TIMEx_GetChannelNState
                0x0000000008020c26                TIMEx_DMACommutationCplt
                0x0000000008020c4a                TIMEx_DMACommutationHalfCplt
 .text          0x0000000008020da8      0x104 obj/FastMathFunctions/arm_sin_f32.o
                0x0000000008020da8                arm_sin_f32
 .text          0x0000000008020eac      0x10c obj/FastMathFunctions/arm_cos_f32.o
                0x0000000008020eac                arm_cos_f32
 .text          0x0000000008020fb8        0x0 obj/CommonTables/arm_common_tables.o
 .text          0x0000000008020fb8        0x0 obj/CommonTables/arm_const_structs.o
 .text          0x0000000008020fb8       0x50 obj/BasicMathFunctions/arm_mult_f32.o
                0x0000000008020fb8                arm_mult_f32
 .text          0x0000000008021008       0x4c obj/BasicMathFunctions/arm_scale_f32.o
                0x0000000008021008                arm_scale_f32
 .text          0x0000000008021054       0x44 obj/BasicMathFunctions/arm_abs_f32.o
                0x0000000008021054                arm_abs_f32
 .text          0x0000000008021098       0x5e obj/StatisticsFunctions/arm_mean_f32.o
                0x0000000008021098                arm_mean_f32
 .text          0x00000000080210f6       0x90 obj/StatisticsFunctions/arm_rms_f32.o
                0x00000000080210f6                arm_rms_f32
 .text          0x0000000008021186       0x52 obj/StatisticsFunctions/arm_std_f32.o
                0x0000000008021186                arm_std_f32
 .text          0x00000000080211d8       0xd4 obj/StatisticsFunctions/arm_var_f32.o
                0x00000000080211d8                arm_var_f32
 .text          0x00000000080212ac       0x70 obj/StatisticsFunctions/arm_max_f32.o
                0x00000000080212ac                arm_max_f32
 .text          0x000000000802131c       0x70 obj/StatisticsFunctions/arm_min_f32.o
                0x000000000802131c                arm_min_f32
 .text          0x000000000802138c       0xe0 obj/FilteringFunctions/arm_fir_f32.o
                0x000000000802138c                arm_fir_f32
 .text          0x000000000802146c       0x3e obj/FilteringFunctions/arm_fir_init_f32.o
                0x000000000802146c                arm_fir_init_f32
 .text          0x00000000080214aa      0x124 obj/FilteringFunctions/arm_biquad_cascade_df2T_f32.o
                0x00000000080214aa                arm_biquad_cascade_df2T_f32
 .text          0x00000000080215ce       0x38 obj/FilteringFunctions/arm_biquad_cascade_df2T_init_f32.o
                0x00000000080215ce                arm_biquad_cascade_df2T_init_f32
 .text          0x0000000008021606      0x3aa obj/TransformFunctions/arm_rfft_fast_f32.o
                0x0000000008021962                arm_rfft_fast_f32
 .text          0x00000000080219b0      0x324 obj/TransformFunctions/arm_rfft_fast_init_f32.o
                0x00000000080219b0                arm_rfft_fast_init_32_f32
                0x00000000080219f8                arm_rfft_fast_init_64_f32
                0x0000000008021a40                arm_rfft_fast_init_128_f32
                0x0000000008021a88                arm_rfft_fast_init_256_f32
                0x0000000008021ad4                arm_rfft_fast_init_512_f32
                0x0000000008021b20                arm_rfft_fast_init_1024_f32
                0x0000000008021b6c                arm_rfft_fast_init_2048_f32
                0x0000000008021bb8                arm_rfft_fast_init_4096_f32
                0x0000000008021c04                arm_rfft_fast_init_f32
 .text          0x0000000008021cd4     0x11b2 obj/TransformFunctions/arm_cfft_f32.o
                0x0000000008022d12                arm_cfft_f32
 *fill*         0x0000000008022e86        0x2 
 .text          0x0000000008022e88      0x360 obj/TransformFunctions/arm_cfft_init_f32.o
                0x0000000008022e88                arm_cfft_init_4096_f32
                0x0000000008022ed0                arm_cfft_init_2048_f32
                0x0000000008022f18                arm_cfft_init_1024_f32
                0x0000000008022f60                arm_cfft_init_512_f32
                0x0000000008022fa8                arm_cfft_init_256_f32
                0x0000000008022ff0                arm_cfft_init_128_f32
                0x0000000008023034                arm_cfft_init_64_f32
                0x0000000008023078                arm_cfft_init_32_f32
                0x00000000080230bc                arm_cfft_init_16_f32
                0x0000000008023100                arm_cfft_init_f32
 .text          0x00000000080231e8     0x100c obj/TransformFunctions/arm_cfft_radix8_f32.o
                0x00000000080231e8                arm_radix8_butterfly_f32
 .text          0x00000000080241f4      0x240 obj/TransformFunctions/arm_bitreversal2.o
                0x00000000080241f4                arm_bitreversal_64
                0x00000000080242d4                arm_bitreversal_32
                0x0000000008024386                arm_bitreversal_16
 .text          0x0000000008024434       0x88 obj/ComplexMathFunctions/arm_cmplx_mag_f32.o
                0x0000000008024434                arm_cmplx_mag_f32
 .text          0x00000000080244bc       0x5e obj/ComplexMathFunctions/arm_cmplx_mag_squared_f32.o
                0x00000000080244bc                arm_cmplx_mag_squared_f32
 .text          0x000000000802451a       0x3c obj/SupportFunctions/arm_copy_f32.o
                0x000000000802451a                arm_copy_f32
 .text          0x0000000008024556       0x38 obj/SupportFunctions/arm_fill_f32.o
                0x0000000008024556                arm_fill_f32
 .text          0x000000000802458e       0x54 obj/StatisticsFunctions/arm_power_f32.o
                0x000000000802458e                arm_power_f32
 *fill*         0x00000000080245e2        0x2 
 .text          0x00000000080245e4       0x30 /home/mertoshi/MaximSDK/Tools/GNUTools/10.3/bin/../lib/gcc/arm-none-eabi/10.3.1/thumb/v7e-m+dp/hard/libgcc.a(_aeabi_uldivmod.o)
                0x00000000080245e4                __aeabi_uldivmod
 .text          0x0000000008024614      0x2d0 /home/mertoshi/MaximSDK/Tools/GNUTools/10.3/bin/../lib/gcc/arm-none-eabi/10.3.1/thumb/v7e-m+dp/hard/libgcc.a(_udivmoddi4.o)
                0x0000000008024614                __udivmoddi4
 .text          0x00000000080248e4        0x4 /home/mertoshi/MaximSDK/Tools/GNUTools/10.3/bin/../lib/gcc/arm-none-eabi/10.3.1/thumb/v7e-m+dp/hard/libgcc.a(_dvmd_tls.o)
                0x00000000080248e4                __aeabi_ldiv0
                0x00000000080248e4                __aeabi_idiv0
 .text          0x00000000080248e8        0x0 /home/mertoshi/MaximSDK/Tools/GNUTools/10.3/bin/../lib/gcc/arm-none-eabi/10.3.1/../../../../arm-none-eabi/lib/thumb/v7e-m+dp/hard/libg.a(lib_a-exit.o)
 .text          0x00000000080248e8        0x0 /home/mertoshi/MaximSDK/Tools/GNUTools/10.3/bin/../lib/gcc/arm-none-eabi/10.3.1/../../../../arm-none-eabi/lib/thumb/v7e-m+dp/hard/libg.a(lib_a-impure.o)
 .text          0x00000000080248e8        0x0 /home/mertoshi/MaximSDK/Tools/GNUTools/10.3/bin/../lib/gcc/arm-none-eabi/10.3.1/../../../../arm-none-eabi/lib/thumb/v7e-m+dp/hard/libg.a(lib_a-init.o)
 .text          0x00000000080248e8        0x0 /home/mertoshi/MaximSDK/Tools/GNUTools/10.3/bin/../lib/gcc/arm-none-eabi/10.3.1/../../../../arm-none-eabi/lib/thumb/v7e-m+dp/hard/libg.a(lib_a-memset.o)
 .text          0x00000000080248e8        0x0 /home/mertoshi/MaximSDK/Tools/GNUTools/10.3/bin/../lib/gcc/arm-none-eabi/10.3.1/../../../../arm-none-eabi/lib/thumb/v7e-m+dp/hard/libg.a(lib_a-__call_atexit.o)
 .text          0x00000000080248e8        0x0 /home/mertoshi/MaximSDK/Tools/GNUTools/10.3/bin/../lib/gcc/arm-none-eabi/10.3.1/../../../../arm-none-eabi/lib/thumb/v7e-m+dp/hard/libg.a(lib_a-atexit.o)
 .text          0x00000000080248e8        0x0 /home/mertoshi/MaximSDK/Tools/GNUTools/10.3/bin/../lib/gcc/arm-none-eabi/10.3.1/../../../../arm-none-eabi/lib/thumb/v7e-m+dp/hard/libg.a(lib_a-fini.o)
 .text          0x00000000080248e8        0x0 /home/mertoshi/MaximSDK/Tools/GNUTools/10.3/bin/../lib/gcc/arm-none-eabi/10.3.1/../../../../arm-none-eabi/lib/thumb/v7e-m+dp/hard/libg.a(lib_a-lock.o)
 .text          0x00000000080248e8        0x0 /home/mertoshi/MaximSDK/Tools/GNUTools/10.3/bin/../lib/gcc/arm-none-eabi/10.3.1/../../../../arm-none-eabi/lib/thumb/v7e-m+dp/hard/libg.a(lib_a-__atexit.o)
 .text          0x00000000080248e8        0x0 /home/mertoshi/MaximSDK/Tools/GNUTools/10.3/bin/../lib/gcc/arm-none-eabi/10.3.1/../../../../arm-none-eabi/lib/thumb/v7e-m+dp/hard/libg.a(lib_a-snprintf.o)
 *fill*         0x00000000080248e8       0x18 
 .text          0x0000000008024900       0xdc /home/mertoshi/MaximSDK/Tools/GNUTools/10.3/bin/../lib/gcc/arm-none-eabi/10.3.1/../../../../arm-none-eabi/lib/thumb/v7e-m+dp/hard/libg.a(lib_a-strlen.o)
                0x0000000008024900                strlen
 .text          0x00000000080249dc        0x0 /home/mertoshi/MaximSDK/Tools/GNUTools/10.3/bin/../lib/gcc/arm-none-eabi/10.3.1/../../../../arm-none-eabi/lib/thumb/v7e-m+dp/hard/libg.a(lib_a-svfprintf.o)
 .text          0x00000000080249dc        0x0 /home/mertoshi/MaximSDK/Tools/GNUTools/10.3/bin/../lib/gcc/arm-none-eabi/10.3.1/../../../../arm-none-eabi/lib/thumb/v7e-m+dp/hard/libg.a(lib_a-dtoa.o)
 .text          0x00000000080249dc        0x0 /home/mertoshi/MaximSDK/Tools/GNUTools/10.3/bin/../lib/gcc/arm-none-eabi/10.3.1/../../../../arm-none-eabi/lib/thumb/v7e-m+dp/hard/libg.a(lib_a-freer.o)
 .text          0x00000000080249dc        0x0 /home/mertoshi/MaximSDK/Tools/GNUTools/10.3/bin/../lib/gcc/arm-none-eabi/10.3.1/../../../../arm-none-eabi/lib/thumb/v7e-m+dp/hard/libg.a(lib_a-localeconv.o)
 .text          0x00000000080249dc        0x0 /home/mertoshi/MaximSDK/Tools/GNUTools/10.3/bin/../lib/gcc/arm-none-eabi/10.3.1/../../../../arm-none-eabi/lib/thumb/v7e-m+dp/hard/libg.a(lib_a-mallocr.o)
 *fill*         0x00000000080249dc        0x4 
 .text          0x00000000080249e0       0xa0 /home/mertoshi/MaximSDK/Tools/GNUTools/10.3/bin/../lib/gcc/arm-none-eabi/10.3.1/../../../../arm-none-eabi/lib/thumb/v7e-m+dp/hard/libg.a(lib_a-memchr.o)
                0x00000000080249e0                memchr
 .text          0x0000000008024a80      0x134 /home/mertoshi/MaximSDK/Tools/GNUTools/10.3/bin/../lib/gcc/arm-none-eabi/10.3.1/../../../../arm-none-eabi/lib/thumb/v7e-m+dp/hard/libg.a(lib_a-memcpy.o)
                0x0000000008024a80                memcpy
 .text          0x0000000008024bb4        0x0 /home/mertoshi/MaximSDK/Tools/GNUTools/10.3/bin/../lib/gcc/arm-none-eabi/10.3.1/../../../../arm-none-eabi/lib/thumb/v7e-m+dp/hard/libg.a(lib_a-mlock.o)
 .text          0x0000000008024bb4        0x0 /home/mertoshi/MaximSDK/Tools/GNUTools/10.3/bin/../lib/gcc/arm-none-eabi/10.3.1/../../../../arm-none-eabi/lib/thumb/v7e-m+dp/hard/libg.a(lib_a-mprec.o)
 .text          0x0000000008024bb4        0x0 /home/mertoshi/MaximSDK/Tools/GNUTools/10.3/bin/../lib/gcc/arm-none-eabi/10.3.1/../../../../arm-none-eabi/lib/thumb/v7e-m+dp/hard/libg.a(lib_a-s_frexp.o)
 .text          0x0000000008024bb4        0x0 /home/mertoshi/MaximSDK/Tools/GNUTools/10.3/bin/../lib/gcc/arm-none-eabi/10.3.1/../../../../arm-none-eabi/lib/thumb/v7e-m+dp/hard/libg.a(lib_a-sbrkr.o)
 .text          0x0000000008024bb4        0x0 /home/mertoshi/MaximSDK/Tools/GNUTools/10.3/bin/../lib/gcc/arm-none-eabi/10.3.1/../../../../arm-none-eabi/lib/thumb/v7e-m+dp/hard/libg.a(lib_a-strncpy.o)
 .text          0x0000000008024bb4        0x0 /home/mertoshi/MaximSDK/Tools/GNUTools/10.3/bin/../lib/gcc/arm-none-eabi/10.3.1/../../../../arm-none-eabi/lib/thumb/v7e-m+dp/hard/libg.a(lib_a-svfiprintf.o)
 .text          0x0000000008024bb4        0x0 /home/mertoshi/MaximSDK/Tools/GNUTools/10.3/bin/../lib/gcc/arm-none-eabi/10.3.1/../../../../arm-none-eabi/lib/thumb/v7e-m+dp/hard/libg.a(lib_a-assert.o)
 .text          0x0000000008024bb4        0x0 /home/mertoshi/MaximSDK/Tools/GNUTools/10.3/bin/../lib/gcc/arm-none-eabi/10.3.1/../../../../arm-none-eabi/lib/thumb/v7e-m+dp/hard/libg.a(lib_a-callocr.o)
 .text          0x0000000008024bb4        0x0 /home/mertoshi/MaximSDK/Tools/GNUTools/10.3/bin/../lib/gcc/arm-none-eabi/10.3.1/../../../../arm-none-eabi/lib/thumb/v7e-m+dp/hard/libg.a(lib_a-errno.o)
 .text          0x0000000008024bb4        0x0 /home/mertoshi/MaximSDK/Tools/GNUTools/10.3/bin/../lib/gcc/arm-none-eabi/10.3.1/../../../../arm-none-eabi/lib/thumb/v7e-m+dp/hard/libg.a(lib_a-fiprintf.o)
 .text          0x0000000008024bb4        0x0 /home/mertoshi/MaximSDK/Tools/GNUTools/10.3/bin/../lib/gcc/arm-none-eabi/10.3.1/../../../../arm-none-eabi/lib/thumb/v7e-m+dp/hard/libg.a(lib_a-locale.o)
 .text          0x0000000008024bb4        0x0 /home/mertoshi/MaximSDK/Tools/GNUTools/10.3/bin/../lib/gcc/arm-none-eabi/10.3.1/../../../../arm-none-eabi/lib/thumb/v7e-m+dp/hard/libg.a(lib_a-mbtowc_r.o)
 .text          0x0000000008024bb4        0x0 /home/mertoshi/MaximSDK/Tools/GNUTools/10.3/bin/../lib/gcc/arm-none-eabi/10.3.1/../../../../arm-none-eabi/lib/thumb/v7e-m+dp/hard/libg.a(lib_a-memmove.o)
 .text          0x0000000008024bb4        0x0 /home/mertoshi/MaximSDK/Tools/GNUTools/10.3/bin/../lib/gcc/arm-none-eabi/10.3.1/../../../../arm-none-eabi/lib/thumb/v7e-m+dp/hard/libg.a(lib_a-reallocr.o)
 .text          0x0000000008024bb4        0x0 /home/mertoshi/MaximSDK/Tools/GNUTools/10.3/bin/../lib/gcc/arm-none-eabi/10.3.1/../../../../arm-none-eabi/lib/thumb/v7e-m+dp/hard/libg.a(lib_a-reent.o)
 *fill*         0x0000000008024bb4        0xc 
 .text          0x0000000008024bc0      0x2dc /home/mertoshi/MaximSDK/Tools/GNUTools/10.3/bin/../lib/gcc/arm-none-eabi/10.3.1/../../../../arm-none-eabi/lib/thumb/v7e-m+dp/hard/libg.a(lib_a-strcmp.o)
                0x0000000008024bc8                strcmp
 .text          0x0000000008024e9c        0x0 /home/mertoshi/MaximSDK/Tools/GNUTools/10.3/bin/../lib/gcc/arm-none-eabi/10.3.1/../../../../arm-none-eabi/lib/thumb/v7e-m+dp/hard/libg.a(lib_a-vfiprintf.o)
 .text          0x0000000008024e9c        0x0 /home/mertoshi/MaximSDK/Tools/GNUTools/10.3/bin/../lib/gcc/arm-none-eabi/10.3.1/../../../../arm-none-eabi/lib/thumb/v7e-m+dp/hard/libg.a(lib_a-wctomb_r.o)
 .text          0x0000000008024e9c        0x0 /home/mertoshi/MaximSDK/Tools/GNUTools/10.3/bin/../lib/gcc/arm-none-eabi/10.3.1/../../../../arm-none-eabi/lib/thumb/v7e-m+dp/hard/libg.a(lib_a-wsetup.o)
 .text          0x0000000008024e9c        0x0 /home/mertoshi/MaximSDK/Tools/GNUTools/10.3/bin/../lib/gcc/arm-none-eabi/10.3.1/../../../../arm-none-eabi/lib/thumb/v7e-m+dp/hard/libg.a(lib_a-abort.o)
 .text          0x0000000008024e9c        0x0 /home/mertoshi/MaximSDK/Tools/GNUTools/10.3/bin/../lib/gcc/arm-none-eabi/10.3.1/../../../../arm-none-eabi/lib/thumb/v7e-m+dp/hard/libg.a(lib_a-ctype_.o)
 .text          0x0000000008024e9c        0x0 /home/mertoshi/MaximSDK/Tools/GNUTools/10.3/bin/../lib/gcc/arm-none-eabi/10.3.1/../../../../arm-none-eabi/lib/thumb/v7e-m+dp/hard/libg.a(lib_a-fflush.o)
 .text          0x0000000008024e9c        0x0 /home/mertoshi/MaximSDK/Tools/GNUTools/10.3/bin/../lib/gcc/arm-none-eabi/10.3.1/../../../../arm-none-eabi/lib/thumb/v7e-m+dp/hard/libg.a(lib_a-findfp.o)
 .text          0x0000000008024e9c        0x0 /home/mertoshi/MaximSDK/Tools/GNUTools/10.3/bin/../lib/gcc/arm-none-eabi/10.3.1/../../../../arm-none-eabi/lib/thumb/v7e-m+dp/hard/libg.a(lib_a-fputwc.o)
 .text          0x0000000008024e9c        0x0 /home/mertoshi/MaximSDK/Tools/GNUTools/10.3/bin/../lib/gcc/arm-none-eabi/10.3.1/../../../../arm-none-eabi/lib/thumb/v7e-m+dp/hard/libg.a(lib_a-fvwrite.o)
 .text          0x0000000008024e9c        0x0 /home/mertoshi/MaximSDK/Tools/GNUTools/10.3/bin/../lib/gcc/arm-none-eabi/10.3.1/../../../../arm-none-eabi/lib/thumb/v7e-m+dp/hard/libg.a(lib_a-fwalk.o)
 .text          0x0000000008024e9c        0x0 /home/mertoshi/MaximSDK/Tools/GNUTools/10.3/bin/../lib/gcc/arm-none-eabi/10.3.1/../../../../arm-none-eabi/lib/thumb/v7e-m+dp/hard/libg.a(lib_a-makebuf.o)
 .text          0x0000000008024e9c        0x0 /home/mertoshi/MaximSDK/Tools/GNUTools/10.3/bin/../lib/gcc/arm-none-eabi/10.3.1/../../../../arm-none-eabi/lib/thumb/v7e-m+dp/hard/libg.a(lib_a-signal.o)
 .text          0x0000000008024e9c        0x0 /home/mertoshi/MaximSDK/Tools/GNUTools/10.3/bin/../lib/gcc/arm-none-eabi/10.3.1/../../../../arm-none-eabi/lib/thumb/v7e-m+dp/hard/libg.a(lib_a-signalr.o)
 .text          0x0000000008024e9c        0x0 /home/mertoshi/MaximSDK/Tools/GNUTools/10.3/bin/../lib/gcc/arm-none-eabi/10.3.1/../../../../arm-none-eabi/lib/thumb/v7e-m+dp/hard/libg.a(lib_a-stdio.o)
 .text          0x0000000008024e9c        0x0 /home/mertoshi/MaximSDK/Tools/GNUTools/10.3/bin/../lib/gcc/arm-none-eabi/10.3.1/../../../../arm-none-eabi/lib/thumb/v7e-m+dp/hard/libg.a(lib_a-wbuf.o)
 .text          0x0000000008024e9c        0x0 /home/mertoshi/MaximSDK/Tools/GNUTools/10.3/bin/../lib/gcc/arm-none-eabi/10.3.1/../../../../arm-none-eabi/lib/thumb/v7e-m+dp/hard/libg.a(lib_a-wcrtomb.o)
 .text          0x0000000008024e9c        0x0 /home/mertoshi/MaximSDK/Tools/GNUTools/10.3/bin/../lib/gcc/arm-none-eabi/10.3.1/../../../../arm-none-eabi/lib/thumb/v7e-m+dp/hard/libg.a(lib_a-writer.o)
 .text          0x0000000008024e9c        0x0 /home/mertoshi/MaximSDK/Tools/GNUTools/10.3/bin/../lib/gcc/arm-none-eabi/10.3.1/../../../../arm-none-eabi/lib/thumb/v7e-m+dp/hard/libg.a(lib_a-closer.o)
 .text          0x0000000008024e9c        0x0 /home/mertoshi/MaximSDK/Tools/GNUTools/10.3/bin/../lib/gcc/arm-none-eabi/10.3.1/../../../../arm-none-eabi/lib/thumb/v7e-m+dp/hard/libg.a(lib_a-fclose.o)
 .text          0x0000000008024e9c        0x0 /home/mertoshi/MaximSDK/Tools/GNUTools/10.3/bin/../lib/gcc/arm-none-eabi/10.3.1/../../../../arm-none-eabi/lib/thumb/v7e-m+dp/hard/libg.a(lib_a-fstatr.o)
 .text          0x0000000008024e9c        0x0 /home/mertoshi/MaximSDK/Tools/GNUTools/10.3/bin/../lib/gcc/arm-none-eabi/10.3.1/../../../../arm-none-eabi/lib/thumb/v7e-m+dp/hard/libg.a(lib_a-isattyr.o)
 .text          0x0000000008024e9c        0x0 /home/mertoshi/MaximSDK/Tools/GNUTools/10.3/bin/../lib/gcc/arm-none-eabi/10.3.1/../../../../arm-none-eabi/lib/thumb/v7e-m+dp/hard/libg.a(lib_a-lseekr.o)
 .text          0x0000000008024e9c        0x0 /home/mertoshi/MaximSDK/Tools/GNUTools/10.3/bin/../lib/gcc/arm-none-eabi/10.3.1/../../../../arm-none-eabi/lib/thumb/v7e-m+dp/hard/libg.a(lib_a-readr.o)
 .text          0x0000000008024e9c        0x0 /home/mertoshi/MaximSDK/Tools/GNUTools/10.3/bin/../lib/gcc/arm-none-eabi/10.3.1/../../../../arm-none-eabi/lib/thumb/v7e-m+dp/hard/libnosys.a(_exit.o)
 .text          0x0000000008024e9c        0x0 /home/mertoshi/MaximSDK/Tools/GNUTools/10.3/bin/../lib/gcc/arm-none-eabi/10.3.1/../../../../arm-none-eabi/lib/thumb/v7e-m+dp/hard/libnosys.a(close.o)
 .text          0x0000000008024e9c        0x0 /home/mertoshi/MaximSDK/Tools/GNUTools/10.3/bin/../lib/gcc/arm-none-eabi/10.3.1/../../../../arm-none-eabi/lib/thumb/v7e-m+dp/hard/libnosys.a(fstat.o)
 .text          0x0000000008024e9c        0x0 /home/mertoshi/MaximSDK/Tools/GNUTools/10.3/bin/../lib/gcc/arm-none-eabi/10.3.1/../../../../arm-none-eabi/lib/thumb/v7e-m+dp/hard/libnosys.a(getpid.o)
 .text          0x0000000008024e9c        0x0 /home/mertoshi/MaximSDK/Tools/GNUTools/10.3/bin/../lib/gcc/arm-none-eabi/10.3.1/../../../../arm-none-eabi/lib/thumb/v7e-m+dp/hard/libnosys.a(isatty.o)
 .text          0x0000000008024e9c        0x0 /home/mertoshi/MaximSDK/Tools/GNUTools/10.3/bin/../lib/gcc/arm-none-eabi/10.3.1/../../../../arm-none-eabi/lib/thumb/v7e-m+dp/hard/libnosys.a(kill.o)
 .text          0x0000000008024e9c        0x0 /home/mertoshi/MaximSDK/Tools/GNUTools/10.3/bin/../lib/gcc/arm-none-eabi/10.3.1/../../../../arm-none-eabi/lib/thumb/v7e-m+dp/hard/libnosys.a(lseek.o)
 .text          0x0000000008024e9c        0x0 /home/mertoshi/MaximSDK/Tools/GNUTools/10.3/bin/../lib/gcc/arm-none-eabi/10.3.1/../../../../arm-none-eabi/lib/thumb/v7e-m+dp/hard/libnosys.a(read.o)
 .text          0x0000000008024e9c        0x0 /home/mertoshi/MaximSDK/Tools/GNUTools/10.3/bin/../lib/gcc/arm-none-eabi/10.3.1/../../../../arm-none-eabi/lib/thumb/v7e-m+dp/hard/libnosys.a(sbrk.o)
 .text          0x0000000008024e9c        0x0 /home/mertoshi/MaximSDK/Tools/GNUTools/10.3/bin/../lib/gcc/arm-none-eabi/10.3.1/../../../../arm-none-eabi/lib/thumb/v7e-m+dp/hard/libnosys.a(write.o)
 .text          0x0000000008024e9c        0x0 /home/mertoshi/MaximSDK/Tools/GNUTools/10.3/bin/../lib/gcc/arm-none-eabi/10.3.1/thumb/v7e-m+dp/hard/crtend.o
 .text          0x0000000008024e9c        0x0 /home/mertoshi/MaximSDK/Tools/GNUTools/10.3/bin/../lib/gcc/arm-none-eabi/10.3.1/thumb/v7e-m+dp/hard/crtn.o
 *(.text*)
 .text.Reset_Handler
                0x0000000008024e9c       0x50 obj/startup_stm32h7s3l8hx.o
                0x0000000008024e9c                Reset_Handler
 .text.Default_Handler
                0x0000000008024eec        0x2 obj/startup_stm32h7s3l8hx.o
                0x0000000008024eec                HPDMA1_Channel13_IRQHandler
                0x0000000008024eec                EXTI2_IRQHandler
                0x0000000008024eec                MCE2_IRQHandler
                0x0000000008024eec                SAI1_A_IRQHandler
                0x0000000008024eec                EXTI5_IRQHandler
                0x0000000008024eec                I3C1_ER_IRQHandler
                0x0000000008024eec                DebugMon_Handler
                0x0000000008024eec                UART8_IRQHandler
                0x0000000008024eec                SPI4_IRQHandler
                0x0000000008024eec                EXTI13_IRQHandler
                0x0000000008024eec                TIM1_CC_IRQHandler
                0x0000000008024eec                XSPI1_IRQHandler
                0x0000000008024eec                HardFault_Handler
                0x0000000008024eec                JPEG_IRQHandler
                0x0000000008024eec                TAMP_IRQHandler
                0x0000000008024eec                TIM6_IRQHandler
                0x0000000008024eec                EXTI12_IRQHandler
                0x0000000008024eec                CORDIC_IRQHandler
                0x0000000008024eec                SysTick_Handler
                0x0000000008024eec                GFXTIM_IRQHandler
                0x0000000008024eec                PendSV_Handler
                0x0000000008024eec                NMI_Handler
                0x0000000008024eec                EXTI3_IRQHandler
                0x0000000008024eec                LPTIM4_IRQHandler
                0x0000000008024eec                GPDMA1_Channel5_IRQHandler
                0x0000000008024eec                EXTI8_IRQHandler
                0x0000000008024eec                LPTIM2_IRQHandler
                0x0000000008024eec                GFXMMU_IRQHandler
                0x0000000008024eec                I2C3_ER_IRQHandler
                0x0000000008024eec                LPTIM3_IRQHandler
                0x0000000008024eec                SAI2_A_IRQHandler
                0x0000000008024eec                HPDMA1_Channel9_IRQHandler
                0x0000000008024eec                I2C2_EV_IRQHandler
                0x0000000008024eec                FPU_IRQHandler
                0x0000000008024eec                GPDMA1_Channel3_IRQHandler
                0x0000000008024eec                GPDMA1_Channel7_IRQHandler
                0x0000000008024eec                FDCAN1_IT1_IRQHandler
                0x0000000008024eec                HPDMA1_Channel3_IRQHandler
                0x0000000008024eec                UsageFault_Handler
                0x0000000008024eec                ADC1_2_IRQHandler
                0x0000000008024eec                GPDMA1_Channel9_IRQHandler
                0x0000000008024eec                SAI1_B_IRQHandler
                0x0000000008024eec                GPDMA1_Channel2_IRQHandler
                0x0000000008024eec                I3C1_WKUP_IRQHandler
                0x0000000008024eec                PKA_IRQHandler
                0x0000000008024eec                HPDMA1_Channel2_IRQHandler
                0x0000000008024eec                EXTI15_IRQHandler
                0x0000000008024eec                TIM17_IRQHandler
                0x0000000008024eec                HPDMA1_Channel6_IRQHandler
                0x0000000008024eec                CRYP_IRQHandler
                0x0000000008024eec                RTC_IRQHandler
                0x0000000008024eec                XSPI2_IRQHandler
                0x0000000008024eec                EXTI9_IRQHandler
                0x0000000008024eec                HPDMA1_Channel0_IRQHandler
                0x0000000008024eec                LPTIM5_IRQHandler
                0x0000000008024eec                HPDMA1_Channel1_IRQHandler
                0x0000000008024eec                UART5_IRQHandler
                0x0000000008024eec                TIM4_IRQHandler
                0x0000000008024eec                I2C1_EV_IRQHandler
                0x0000000008024eec                GPDMA1_Channel12_IRQHandler
                0x0000000008024eec                HPDMA1_Channel7_IRQHandler
                0x0000000008024eec                GPDMA1_Channel1_IRQHandler
                0x0000000008024eec                TIM16_IRQHandler
                0x0000000008024eec                GPDMA1_Channel15_IRQHandler
                0x0000000008024eec                UART4_IRQHandler
                0x0000000008024eec                TIM3_IRQHandler
                0x0000000008024eec                RCC_IRQHandler
                0x0000000008024eec                TIM1_TRG_COM_IRQHandler
                0x0000000008024eec                SAI2_B_IRQHandler
                0x0000000008024eec                Default_Handler
                0x0000000008024eec                GPDMA1_Channel8_IRQHandler
                0x0000000008024eec                HPDMA1_Channel8_IRQHandler
                0x0000000008024eec                CEC_IRQHandler
                0x0000000008024eec                TIM14_IRQHandler
                0x0000000008024eec                TIM13_IRQHandler
                0x0000000008024eec                GPDMA1_Channel11_IRQHandler
                0x0000000008024eec                SPI5_IRQHandler
                0x0000000008024eec                TIM12_IRQHandler
                0x0000000008024eec                TIM7_IRQHandler
                0x0000000008024eec                HPDMA1_Channel10_IRQHandler
                0x0000000008024eec                SDMMC1_IRQHandler
                0x0000000008024eec                SAES_IRQHandler
                0x0000000008024eec                TIM5_IRQHandler
                0x0000000008024eec                UCPD1_IRQHandler
                0x0000000008024eec                GPDMA1_Channel0_IRQHandler
                0x0000000008024eec                I3C1_EV_IRQHandler
                0x0000000008024eec                HPDMA1_Channel5_IRQHandler
                0x0000000008024eec                TIM15_IRQHandler
                0x0000000008024eec                I2C3_EV_IRQHandler
                0x0000000008024eec                HPDMA1_Channel4_IRQHandler
                0x0000000008024eec                HPDMA1_Channel15_IRQHandler
                0x0000000008024eec                TIM9_IRQHandler
                0x0000000008024eec                SPDIF_RX_IRQHandler
                0x0000000008024eec                PVD_PVM_IRQHandler
                0x0000000008024eec                SPI2_IRQHandler
                0x0000000008024eec                HPDMA1_Channel11_IRQHandler
                0x0000000008024eec                MemManage_Handler
                0x0000000008024eec                EXTI14_IRQHandler
                0x0000000008024eec                EXTI11_IRQHandler
                0x0000000008024eec                SVC_Handler
                0x0000000008024eec                CRS_IRQHandler
                0x0000000008024eec                GPDMA1_Channel14_IRQHandler
                0x0000000008024eec                EXTI4_IRQHandler
                0x0000000008024eec                GPDMA1_Channel13_IRQHandler
                0x0000000008024eec                RNG_IRQHandler
                0x0000000008024eec                FDCAN2_IT1_IRQHandler
                0x0000000008024eec                ETH_IRQHandler
                0x0000000008024eec                TIM1_UP_IRQHandler
                0x0000000008024eec                WWDG_IRQHandler
                0x0000000008024eec                SPI6_IRQHandler
                0x0000000008024eec                MDIOS_IRQHandler
                0x0000000008024eec                FDCAN2_IT0_IRQHandler
                0x0000000008024eec                IWDG_IRQHandler
                0x0000000008024eec                HPDMA1_Channel14_IRQHandler
                0x0000000008024eec                LPUART1_IRQHandler
                0x0000000008024eec                FDCAN1_IT0_IRQHandler
                0x0000000008024eec                TIM2_IRQHandler
                0x0000000008024eec                PSSI_IRQHandler
                0x0000000008024eec                MCE3_IRQHandler
                0x0000000008024eec                GPDMA1_Channel4_IRQHandler
                0x0000000008024eec                OTG_HS_IRQHandler
                0x0000000008024eec                EXTI7_IRQHandler
                0x0000000008024eec                DMA2D_IRQHandler
                0x0000000008024eec                TIM1_BRK_IRQHandler
                0x0000000008024eec                EXTI1_IRQHandler
                0x0000000008024eec                SDMMC2_IRQHandler
                0x0000000008024eec                UART7_IRQHandler
                0x0000000008024eec                DTS_IRQHandler
                0x0000000008024eec                USART2_IRQHandler
                0x0000000008024eec                GPDMA1_Channel6_IRQHandler
                0x0000000008024eec                ADF1_FLT0_IRQHandler
                0x0000000008024eec                RAMECC_IRQHandler
                0x0000000008024eec                I2C2_ER_IRQHandler
                0x0000000008024eec                MCE1_IRQHandler
                0x0000000008024eec                HPDMA1_Channel12_IRQHandler
                0x0000000008024eec                FLASH_IRQHandler
                0x0000000008024eec                BusFault_Handler
                0x0000000008024eec                EXTI10_IRQHandler
                0x0000000008024eec                OTG_FS_IRQHandler
                0x0000000008024eec                SPI3_IRQHandler
                0x0000000008024eec                WAKEUP_PIN_IRQHandler
                0x0000000008024eec                DCMIPP_IRQHandler
                0x0000000008024eec                I2C1_ER_IRQHandler
                0x0000000008024eec                FMC_IRQHandler
                0x0000000008024eec                LPTIM1_IRQHandler
                0x0000000008024eec                GPDMA1_Channel10_IRQHandler
                0x0000000008024eec                HASH_IRQHandler
 *fill*         0x0000000008024eee        0x2 
 .text.startup  0x0000000008024ef0      0xab4 /tmp/emg_h7s3l8.elf.Qphdq6.ltrans0.ltrans.o
                0x0000000008024ef0                main
 .text.exit     0x00000000080259a4       0x20 /home/mertoshi/MaximSDK/Tools/GNUTools/10.3/bin/../lib/gcc/arm-none-eabi/10.3.1/../../../../arm-none-eabi/lib/thumb/v7e-m+dp/hard/libg.a(lib_a-exit.o)
                0x00000000080259a4                exit
 .text.__libc_init_array
                0x00000000080259c4       0x48 /home/mertoshi/MaximSDK/Tools/GNUTools/10.3/bin/../lib/gcc/arm-none-eabi/10.3.1/../../../../arm-none-eabi/lib/thumb/v7e-m+dp/hard/libg.a(lib_a-init.o)
                0x00000000080259c4                __libc_init_array
 .text.memset   0x0000000008025a0c       0xa4 /home/mertoshi/MaximSDK/Tools/GNUTools/10.3/bin/../lib/gcc/arm-none-eabi/10.3.1/../../../../arm-none-eabi/lib/thumb/v7e-m+dp/hard/libg.a(lib_a-memset.o)
                0x0000000008025a0c                memset
 .text.startup.register_fini
                0x0000000008025ab0       0x14 /home/mertoshi/MaximSDK/Tools/GNUTools/10.3/bin/../lib/gcc/arm-none-eabi/10.3.1/../../../../arm-none-eabi/lib/thumb/v7e-m+dp/hard/libg.a(lib_a-__call_atexit.o)
 .text.__call_exitprocs
                0x0000000008025ac4       0xcc /home/mertoshi/MaximSDK/Tools/GNUTools/10.3/bin/../lib/gcc/arm-none-eabi/10.3.1/../../../../arm-none-eabi/lib/thumb/v7e-m+dp/hard/libg.a(lib_a-__call_atexit.o)
                0x0000000008025ac4                __call_exitprocs
 .text.atexit   0x0000000008025b90        0xc /home/mertoshi/MaximSDK/Tools/GNUTools/10.3/bin/../lib/gcc/arm-none-eabi/10.3.1/../../../../arm-none-eabi/lib/thumb/v7e-m+dp/hard/libg.a(lib_a-atexit.o)
                0x0000000008025b90                atexit
 .text.__libc_fini_array
                0x0000000008025b9c       0x2c /home/mertoshi/MaximSDK/Tools/GNUTools/10.3/bin/../lib/gcc/arm-none-eabi/10.3.1/../../../../arm-none-eabi/lib/thumb/v7e-m+dp/hard/libg.a(lib_a-fini.o)
                0x0000000008025b9c                __libc_fini_array
 .text.__retarget_lock_init
                0x0000000008025bc8        0x4 /home/mertoshi/MaximSDK/Tools/GNUTools/10.3/bin/../lib/gcc/arm-none-eabi/10.3.1/../../../../arm-none-eabi/lib/thumb/v7e-m+dp/hard/libg.a(lib_a-lock.o)
                0x0000000008025bc8                __retarget_lock_init
 .text.__retarget_lock_init_recursive
                0x0000000008025bcc        0x4 /home/mertoshi/MaximSDK/Tools/GNUTools/10.3/bin/../lib/gcc/arm-none-eabi/10.3.1/../../../../arm-none-eabi/lib/thumb/v7e-m+dp/hard/libg.a(lib_a-lock.o)
                0x0000000008025bcc                __retarget_lock_init_recursive
 .text.__retarget_lock_close
                0x0000000008025bd0        0x4 /home/mertoshi/MaximSDK/Tools/GNUTools/10.3/bin/../lib/gcc/arm-none-eabi/10.3.1/../../../../arm-none-eabi/lib/thumb/v7e-m+dp/hard/libg.a(lib_a-lock.o)
                0x0000000008025bd0                __retarget_lock_close
 .text.__retarget_lock_close_recursive
                0x0000000008025bd4        0x4 /home/mertoshi/MaximSDK/Tools/GNUTools/10.3/bin/../lib/gcc/arm-none-eabi/10.3.1/../../../../arm-none-eabi/lib/thumb/v7e-m+dp/hard/libg.a(lib_a-lock.o)
                0x0000000008025bd4                __retarget_lock_close_recursive
 .text.__retarget_lock_acquire
                0x0000000008025bd8        0x4 /home/mertoshi/MaximSDK/Tools/GNUTools/10.3/bin/../lib/gcc/arm-none-eabi/10.3.1/../../../../arm-none-eabi/lib/thumb/v7e-m+dp/hard/libg.a(lib_a-lock.o)
                0x0000000008025bd8                __retarget_lock_acquire
 .text.__retarget_lock_acquire_recursive
                0x0000000008025bdc        0x4 /home/mertoshi/MaximSDK/Tools/GNUTools/10.3/bin/../lib/gcc/arm-none-eabi/10.3.1/../../../../arm-none-eabi/lib/thumb/v7e-m+dp/hard/libg.a(lib_a-lock.o)
                0x0000000008025bdc                __retarget_lock_acquire_recursive
 .text.__retarget_lock_try_acquire
                0x0000000008025be0        0x4 /home/mertoshi/MaximSDK/Tools/GNUTools/10.3/bin/../lib/gcc/arm-none-eabi/10.3.1/../../../../arm-none-eabi/lib/thumb/v7e-m+dp/hard/libg.a(lib_a-lock.o)
                0x0000000008025be0                __retarget_lock_try_acquire
 .text.__retarget_lock_try_acquire_recursive
                0x0000000008025be4        0x4 /home/mertoshi/MaximSDK/Tools/GNUTools/10.3/bin/../lib/gcc/arm-none-eabi/10.3.1/../../../../arm-none-eabi/lib/thumb/v7e-m+dp/hard/libg.a(lib_a-lock.o)
                0x0000000008025be4                __retarget_lock_try_acquire_recursive
 .text.__retarget_lock_release
                0x0000000008025be8        0x4 /home/mertoshi/MaximSDK/Tools/GNUTools/10.3/bin/../lib/gcc/arm-none-eabi/10.3.1/../../../../arm-none-eabi/lib/thumb/v7e-m+dp/hard/libg.a(lib_a-lock.o)
                0x0000000008025be8                __retarget_lock_release
 .text.__retarget_lock_release_recursive
                0x0000000008025bec        0x4 /home/mertoshi/MaximSDK/Tools/GNUTools/10.3/bin/../lib/gcc/arm-none-eabi/10.3.1/../../../../arm-none-eabi/lib/thumb/v7e-m+dp/hard/libg.a(lib_a-lock.o)
                0x0000000008025bec                __retarget_lock_release_recursive
 .text.__register_exitproc
                0x0000000008025bf0       0x8c /home/mertoshi/MaximSDK/Tools/GNUTools/10.3/bin/../lib/gcc/arm-none-eabi/10.3.1/../../../../arm-none-eabi/lib/thumb/v7e-m+dp/hard/libg.a(lib_a-__atexit.o)
                0x0000000008025bf0                __register_exitproc
 .text._snprintf_r
                0x0000000008025c7c       0x80 /home/mertoshi/MaximSDK/Tools/GNUTools/10.3/bin/../lib/gcc/arm-none-eabi/10.3.1/../../../../arm-none-eabi/lib/thumb/v7e-m+dp/hard/libg.a(lib_a-snprintf.o)
                0x0000000008025c7c                _snprintf_r
 .text.snprintf
                0x0000000008025cfc       0x88 /home/mertoshi/MaximSDK/Tools/GNUTools/10.3/bin/../lib/gcc/arm-none-eabi/10.3.1/../../../../arm-none-eabi/lib/thumb/v7e-m+dp/hard/libg.a(lib_a-snprintf.o)
                0x0000000008025cfc                snprintf
 *fill*         0x0000000008025d84        0x4 
 .text._svfprintf_r
                0x0000000008025d88     0x194c /home/mertoshi/MaximSDK/Tools/GNUTools/10.3/bin/../lib/gcc/arm-none-eabi/10.3.1/../../../../arm-none-eabi/lib/thumb/v7e-m+dp/hard/libg.a(lib_a-svfprintf.o)
                0x0000000008025d88                _svfprintf_r
 .text.quorem   0x00000000080276d4      0x128 /home/mertoshi/MaximSDK/Tools/GNUTools/10.3/bin/../lib/gcc/arm-none-eabi/10.3.1/../../../../arm-none-eabi/lib/thumb/v7e-m+dp/hard/libg.a(lib_a-dtoa.o)
 *fill*         0x00000000080277fc        0x4 
 .text._dtoa_r  0x0000000008027800      0xcd8 /home/mertoshi/MaximSDK/Tools/GNUTools/10.3/bin/../lib/gcc/arm-none-eabi/10.3.1/../../../../arm-none-eabi/lib/thumb/v7e-m+dp/hard/libg.a(lib_a-dtoa.o)
                0x0000000008027800                _dtoa_r
 .text._malloc_trim_r
                0x00000000080284d8       0xa0 /home/mertoshi/MaximSDK/Tools/GNUTools/10.3/bin/../lib/gcc/arm-none-eabi/10.3.1/../../../../arm-none-eabi/lib/thumb/v7e-m+dp/hard/libg.a(lib_a-freer.o)
                0x00000000080284d8                _malloc_trim_r
 .text._free_r  0x0000000008028578      0x20c /home/mertoshi/MaximSDK/Tools/GNUTools/10.3/bin/../lib/gcc/arm-none-eabi/10.3.1/../../../../arm-none-eabi/lib/thumb/v7e-m+dp/hard/libg.a(lib_a-freer.o)
                0x0000000008028578                _free_r
 .text.__localeconv_l
                0x0000000008028784        0x4 /home/mertoshi/MaximSDK/Tools/GNUTools/10.3/bin/../lib/gcc/arm-none-eabi/10.3.1/../../../../arm-none-eabi/lib/thumb/v7e-m+dp/hard/libg.a(lib_a-localeconv.o)
                0x0000000008028784                __localeconv_l
 .text._localeconv_r
                0x0000000008028788        0x8 /home/mertoshi/MaximSDK/Tools/GNUTools/10.3/bin/../lib/gcc/arm-none-eabi/10.3.1/../../../../arm-none-eabi/lib/thumb/v7e-m+dp/hard/libg.a(lib_a-localeconv.o)
                0x0000000008028788                _localeconv_r
 .text.localeconv
                0x0000000008028790        0x8 /home/mertoshi/MaximSDK/Tools/GNUTools/10.3/bin/../lib/gcc/arm-none-eabi/10.3.1/../../../../arm-none-eabi/lib/thumb/v7e-m+dp/hard/libg.a(lib_a-localeconv.o)
                0x0000000008028790                localeconv
 .text._malloc_r
                0x0000000008028798      0x560 /home/mertoshi/MaximSDK/Tools/GNUTools/10.3/bin/../lib/gcc/arm-none-eabi/10.3.1/../../../../arm-none-eabi/lib/thumb/v7e-m+dp/hard/libg.a(lib_a-mallocr.o)
                0x0000000008028798                _malloc_r
 .text.__malloc_lock
                0x0000000008028cf8        0xc /home/mertoshi/MaximSDK/Tools/GNUTools/10.3/bin/../lib/gcc/arm-none-eabi/10.3.1/../../../../arm-none-eabi/lib/thumb/v7e-m+dp/hard/libg.a(lib_a-mlock.o)
                0x0000000008028cf8                __malloc_lock
 .text.__malloc_unlock
                0x0000000008028d04        0xc /home/mertoshi/MaximSDK/Tools/GNUTools/10.3/bin/../lib/gcc/arm-none-eabi/10.3.1/../../../../arm-none-eabi/lib/thumb/v7e-m+dp/hard/libg.a(lib_a-mlock.o)
                0x0000000008028d04                __malloc_unlock
 .text._Balloc  0x0000000008028d10       0x4c /home/mertoshi/MaximSDK/Tools/GNUTools/10.3/bin/../lib/gcc/arm-none-eabi/10.3.1/../../../../arm-none-eabi/lib/thumb/v7e-m+dp/hard/libg.a(lib_a-mprec.o)
                0x0000000008028d10                _Balloc
 .text._Bfree   0x0000000008028d5c       0x14 /home/mertoshi/MaximSDK/Tools/GNUTools/10.3/bin/../lib/gcc/arm-none-eabi/10.3.1/../../../../arm-none-eabi/lib/thumb/v7e-m+dp/hard/libg.a(lib_a-mprec.o)
                0x0000000008028d5c                _Bfree
 .text.__multadd
                0x0000000008028d70       0xa8 /home/mertoshi/MaximSDK/Tools/GNUTools/10.3/bin/../lib/gcc/arm-none-eabi/10.3.1/../../../../arm-none-eabi/lib/thumb/v7e-m+dp/hard/libg.a(lib_a-mprec.o)
                0x0000000008028d70                __multadd
 .text.__s2b    0x0000000008028e18       0xb4 /home/mertoshi/MaximSDK/Tools/GNUTools/10.3/bin/../lib/gcc/arm-none-eabi/10.3.1/../../../../arm-none-eabi/lib/thumb/v7e-m+dp/hard/libg.a(lib_a-mprec.o)
                0x0000000008028e18                __s2b
 .text.__hi0bits
                0x0000000008028ecc       0x40 /home/mertoshi/MaximSDK/Tools/GNUTools/10.3/bin/../lib/gcc/arm-none-eabi/10.3.1/../../../../arm-none-eabi/lib/thumb/v7e-m+dp/hard/libg.a(lib_a-mprec.o)
                0x0000000008028ecc                __hi0bits
 .text.__lo0bits
                0x0000000008028f0c       0x60 /home/mertoshi/MaximSDK/Tools/GNUTools/10.3/bin/../lib/gcc/arm-none-eabi/10.3.1/../../../../arm-none-eabi/lib/thumb/v7e-m+dp/hard/libg.a(lib_a-mprec.o)
                0x0000000008028f0c                __lo0bits
 .text.__i2b    0x0000000008028f6c       0x5c /home/mertoshi/MaximSDK/Tools/GNUTools/10.3/bin/../lib/gcc/arm-none-eabi/10.3.1/../../../../arm-none-eabi/lib/thumb/v7e-m+dp/hard/libg.a(lib_a-mprec.o)
                0x0000000008028f6c                __i2b
 .text.__multiply
                0x0000000008028fc8      0x15c /home/mertoshi/MaximSDK/Tools/GNUTools/10.3/bin/../lib/gcc/arm-none-eabi/10.3.1/../../../../arm-none-eabi/lib/thumb/v7e-m+dp/hard/libg.a(lib_a-mprec.o)
                0x0000000008028fc8                __multiply
 .text.__pow5mult
                0x0000000008029124       0xc0 /home/mertoshi/MaximSDK/Tools/GNUTools/10.3/bin/../lib/gcc/arm-none-eabi/10.3.1/../../../../arm-none-eabi/lib/thumb/v7e-m+dp/hard/libg.a(lib_a-mprec.o)
                0x0000000008029124                __pow5mult
 .text.__lshift
                0x00000000080291e4       0xf0 /home/mertoshi/MaximSDK/Tools/GNUTools/10.3/bin/../lib/gcc/arm-none-eabi/10.3.1/../../../../arm-none-eabi/lib/thumb/v7e-m+dp/hard/libg.a(lib_a-mprec.o)
                0x00000000080291e4                __lshift
 .text.__mcmp   0x00000000080292d4       0x44 /home/mertoshi/MaximSDK/Tools/GNUTools/10.3/bin/../lib/gcc/arm-none-eabi/10.3.1/../../../../arm-none-eabi/lib/thumb/v7e-m+dp/hard/libg.a(lib_a-mprec.o)
                0x00000000080292d4                __mcmp
 .text.__mdiff  0x0000000008029318      0x14c /home/mertoshi/MaximSDK/Tools/GNUTools/10.3/bin/../lib/gcc/arm-none-eabi/10.3.1/../../../../arm-none-eabi/lib/thumb/v7e-m+dp/hard/libg.a(lib_a-mprec.o)
                0x0000000008029318                __mdiff
 .text.__ulp    0x0000000008029464       0x60 /home/mertoshi/MaximSDK/Tools/GNUTools/10.3/bin/../lib/gcc/arm-none-eabi/10.3.1/../../../../arm-none-eabi/lib/thumb/v7e-m+dp/hard/libg.a(lib_a-mprec.o)
                0x0000000008029464                __ulp
 .text.__b2d    0x00000000080294c4       0xc0 /home/mertoshi/MaximSDK/Tools/GNUTools/10.3/bin/../lib/gcc/arm-none-eabi/10.3.1/../../../../arm-none-eabi/lib/thumb/v7e-m+dp/hard/libg.a(lib_a-mprec.o)
                0x00000000080294c4                __b2d
 .text.__d2b    0x0000000008029584       0xd0 /home/mertoshi/MaximSDK/Tools/GNUTools/10.3/bin/../lib/gcc/arm-none-eabi/10.3.1/../../../../arm-none-eabi/lib/thumb/v7e-m+dp/hard/libg.a(lib_a-mprec.o)
                0x0000000008029584                __d2b
 .text.__ratio  0x0000000008029654       0x64 /home/mertoshi/MaximSDK/Tools/GNUTools/10.3/bin/../lib/gcc/arm-none-eabi/10.3.1/../../../../arm-none-eabi/lib/thumb/v7e-m+dp/hard/libg.a(lib_a-mprec.o)
                0x0000000008029654                __ratio
 .text._mprec_log10